构建聚合 Javadoc：spring-data-neo4j
WARNING: A restricted method in java.lang.System has been called
WARNING: java.lang.System::load has been called by org.fusesource.jansi.internal.JansiLoader in an unnamed module (file:/home/codespace/.m2/wrapper/dists/apache-maven-3.9.16-bin/5grr65jo27hi51sujmtcldfovl/apache-maven-3.9.16/lib/jansi-2.4.3.jar)
WARNING: Use --enable-native-access=ALL-UNNAMED to avoid a warning for callers in this module
WARNING: Restricted methods will be blocked in a future release unless native access is enabled

[INFO] Scanning for projects...
[WARNING] This build will only read from the build cache, since the clean lifecycle is not part of the build invocation.
[INFO] 
[INFO] -------------< org.springframework.data:spring-data-neo4j >-------------
[INFO] Building Spring Data Neo4j 8.1.0
[INFO]   from pom.xml
[INFO] --------------------------------[ jar ]---------------------------------
[INFO] 
[INFO] >>> javadoc:3.12.0:aggregate (default-cli) > compile @ spring-data-neo4j >>>
[INFO] 
[INFO] --- sortpom:4.0.0:verify (default) @ spring-data-neo4j ---
[INFO] Verifying file /workspaces/toc/articles/202606/spring-data-2026.0.0/sources/spring-data-neo4j/pom.xml
[INFO] 
[INFO] --- license:5.0.0:check (validate) @ spring-data-neo4j ---
[INFO] Checking licenses...
[INFO] 
[INFO] --- spring-javaformat:0.0.46:validate (default) @ spring-data-neo4j ---
[INFO] 
[INFO] --- checkstyle:3.6.0:check (checkstyle-validation) @ spring-data-neo4j ---
[INFO] Skipped
[INFO] 
[INFO] --- enforcer:3.6.3:enforce (enforce-maven-version) @ spring-data-neo4j ---
[INFO] Rule 0: org.apache.maven.enforcer.rules.version.RequireMavenVersion passed
[INFO] Rule 1: org.apache.maven.enforcer.rules.version.RequireJavaVersion passed
[INFO] 
[INFO] --- enforcer:3.6.3:enforce (enforce) @ spring-data-neo4j ---
[INFO] Rule 0: org.apache.maven.enforcer.rules.version.RequireMavenVersion passed
[INFO] 
[INFO] --- jacoco:0.8.15:prepare-agent (prepare-agent) @ spring-data-neo4j ---
[INFO] argLine set to -javaagent:/home/codespace/.m2/repository/org/jacoco/org.jacoco.agent/0.8.15/org.jacoco.agent-0.8.15-runtime.jar=destfile=/workspaces/toc/articles/202606/spring-data-2026.0.0/sources/spring-data-neo4j/target/jacoco.exec,append=true
[INFO] 
[INFO] --- resources:3.5.0:resources (default-resources) @ spring-data-neo4j ---
[INFO] Copying 8 resources from src/main/resources to target/classes
[INFO] 
[INFO] --- flatten:1.7.0:flatten (flatten) @ spring-data-neo4j ---
[INFO] Generating flattened POM of project org.springframework.data:spring-data-neo4j:jar:8.1.0...
[INFO] 
[INFO] --- resources:3.5.0:resources (default) @ spring-data-neo4j ---
[INFO] Copying 8 resources from src/main/resources to target/classes
[INFO] 
[INFO] --- kotlin:2.3.21:compile (compile) @ spring-data-neo4j ---
[INFO] Options for KOTLIN DAEMON: CompilationOptions(compilerMode=NON_INCREMENTAL_COMPILER, targetPlatform=JVM, reportCategories=[0], reportSeverity=2, requestedCompilationResults=[0], kotlinScriptExtensions=null, generateCompilerRefIndex=false)
[INFO] 
[INFO] --- compiler:3.15.0:compile (java-compile) @ spring-data-neo4j ---
[INFO] Recompiling the module because of changed source code.
[INFO] Compiling 245 source files with javac [debug parameters release 17] to target/classes
[INFO] /workspaces/toc/articles/202606/spring-data-2026.0.0/sources/spring-data-neo4j/src/main/java/org/springframework/data/neo4j/repository/query/AbstractReactiveNeo4jQuery.java: /workspaces/toc/articles/202606/spring-data-2026.0.0/sources/spring-data-neo4j/src/main/java/org/springframework/data/neo4j/repository/query/AbstractReactiveNeo4jQuery.java uses unchecked or unsafe operations.
[INFO] /workspaces/toc/articles/202606/spring-data-2026.0.0/sources/spring-data-neo4j/src/main/java/org/springframework/data/neo4j/repository/query/AbstractReactiveNeo4jQuery.java: Recompile with -Xlint:unchecked for details.
[INFO] 
[INFO] <<< javadoc:3.12.0:aggregate (default-cli) < compile @ spring-data-neo4j <<<
[INFO] 
[INFO] 
[INFO] --- javadoc:3.12.0:aggregate (default-cli) @ spring-data-neo4j ---
[INFO] ------------------------------------------------------------------------
[INFO] BUILD SUCCESS
[INFO] ------------------------------------------------------------------------
[INFO] Total time:  25.201 s
[INFO] Finished at: 2026-06-14T06:43:59Z
[INFO] ------------------------------------------------------------------------
[INFO] 13 goals, 13 executed
构建 reference 文档：spring-data-neo4j
[INFO] Scanning for projects...
[WARNING] This build will only read from the build cache, since the clean lifecycle is not part of the build invocation.
[INFO] 
[INFO] -------------< org.springframework.data:spring-data-neo4j >-------------
[INFO] Building Spring Data Neo4j 8.1.0
[INFO]   from pom.xml
[INFO] --------------------------------[ jar ]---------------------------------
[INFO] 
[INFO] --- antora-component-version:0.0.4:antora-component-version (default) @ spring-data-neo4j ---
[INFO] 
[INFO] --- sortpom:4.0.0:verify (default) @ spring-data-neo4j ---
[INFO] Verifying file /workspaces/toc/articles/202606/spring-data-2026.0.0/sources/spring-data-neo4j/pom.xml
[INFO] 
[INFO] --- license:5.0.0:check (validate) @ spring-data-neo4j ---
[INFO] Checking licenses...
[INFO] 
[INFO] --- spring-javaformat:0.0.46:validate (default) @ spring-data-neo4j ---
[INFO] 
[INFO] --- checkstyle:3.6.0:check (checkstyle-validation) @ spring-data-neo4j ---
[INFO] Starting audit...
Audit done.
[INFO] You have 0 Checkstyle violations.
[INFO] 
[INFO] --- enforcer:3.6.3:enforce (enforce-maven-version) @ spring-data-neo4j ---
[INFO] Rule 0: org.apache.maven.enforcer.rules.version.RequireMavenVersion passed
[INFO] Rule 1: org.apache.maven.enforcer.rules.version.RequireJavaVersion passed
[INFO] 
[INFO] --- enforcer:3.6.3:enforce (enforce) @ spring-data-neo4j ---
[INFO] Rule 0: org.apache.maven.enforcer.rules.version.RequireMavenVersion passed
[INFO] 
[INFO] --- antora-component-version:0.0.4:antora-component-version (default) @ spring-data-neo4j ---
[INFO] 
[INFO] --- sortpom:4.0.0:verify (default) @ spring-data-neo4j ---
[INFO] Verifying file /workspaces/toc/articles/202606/spring-data-2026.0.0/sources/spring-data-neo4j/pom.xml
[INFO] 
[INFO] --- license:5.0.0:check (validate) @ spring-data-neo4j ---
[INFO] Checking licenses...
[INFO] 
[INFO] --- spring-javaformat:0.0.46:validate (default) @ spring-data-neo4j ---
[INFO] 
[INFO] --- checkstyle:3.6.0:check (checkstyle-validation) @ spring-data-neo4j ---
[INFO] Starting audit...
Audit done.
[INFO] You have 0 Checkstyle violations.
[INFO] 
[INFO] --- enforcer:3.6.3:enforce (enforce-maven-version) @ spring-data-neo4j ---
[INFO] 
[INFO] --- enforcer:3.6.3:enforce (enforce) @ spring-data-neo4j ---
[INFO] 
[INFO] --- jacoco:0.8.15:prepare-agent (prepare-agent) @ spring-data-neo4j ---
[INFO] argLine set to -javaagent:/home/codespace/.m2/repository/org/jacoco/org.jacoco.agent/0.8.15/org.jacoco.agent-0.8.15-runtime.jar=destfile=/workspaces/toc/articles/202606/spring-data-2026.0.0/sources/spring-data-neo4j/target/jacoco.exec,append=true
[INFO] 
[INFO] --- antrun:3.2.0:run (export-properties) @ spring-data-neo4j ---
[INFO] Executing tasks
[INFO] Executed tasks
[WARNING] Ant property 'jacoco.destfile=/workspaces/toc/articles/202606/spring-data-2026.0.0/sources/spring-data-neo4j/target/jacoco.exec' clashes with an existing Maven property, SKIPPING this Ant property propagation.
[WARNING] Ant property 'flatten-maven-plugin.version=1.7.0' clashes with an existing Maven property, SKIPPING this Ant property propagation.
[WARNING] Ant property 'project.build.docs=/workspaces/toc/articles/202606/spring-data-2026.0.0/sources/spring-data-neo4j/target/docs' clashes with an existing Maven property, SKIPPING this Ant property propagation.
[WARNING] Ant property 'project.root=/workspaces/toc/articles/202606/spring-data-2026.0.0/sources/spring-data-neo4j' clashes with an existing Maven property, SKIPPING this Ant property propagation.
[WARNING] Ant property 'guava=31.1-jre' clashes with an existing Maven property, SKIPPING this Ant property propagation.
[WARNING] Ant property 'errorprone=2.46.0' clashes with an existing Maven property, SKIPPING this Ant property propagation.
[WARNING] Ant property 'spring-javaformat.version=0.0.46' clashes with an existing Maven property, SKIPPING this Ant property propagation.
[WARNING] Ant property 'neo4j.version=5.26.21' clashes with an existing Maven property, SKIPPING this Ant property propagation.
[WARNING] Ant property 'argLine=-javaagent:/home/codespace/.m2/repository/org/jacoco/org.jacoco.agent/0.8.15/org.jacoco.agent-0.8.15-runtime.jar=destfile=/workspaces/toc/articles/202606/spring-data-2026.0.0/sources/spring-data-neo4j/target/jacoco.exec,append=true' clashes with an existing Maven property, SKIPPING this Ant property propagation.
[WARNING] Ant property 'servlet-api=6.1.0' clashes with an existing Maven property, SKIPPING this Ant property propagation.
[WARNING] Ant property 'checkstyle.skip=${skipTests}' clashes with an existing Maven property, SKIPPING this Ant property propagation.
[WARNING] Ant property 'skipIntegrationTests=${skipTests}' clashes with an existing Maven property, SKIPPING this Ant property propagation.
[WARNING] Ant property 'junit=6.0.3' clashes with an existing Maven property, SKIPPING this Ant property propagation.
[WARNING] Ant property 'microbenchmark=1.0.0' clashes with an existing Maven property, SKIPPING this Ant property propagation.
[WARNING] Ant property 'spring=7.0.8' clashes with an existing Maven property, SKIPPING this Ant property propagation.
[WARNING] Ant property 'skipArchitectureTests=true' clashes with an existing Maven property, SKIPPING this Ant property propagation.
[WARNING] Ant property 'cypher-dsl.version=2025.2.7' clashes with an existing Maven property, SKIPPING this Ant property propagation.
[WARNING] Ant property 'neo4j-migrations.version=2.17.3' clashes with an existing Maven property, SKIPPING this Ant property propagation.
[WARNING] Ant property 'maven-antora=1.0.0-alpha.5' clashes with an existing Maven property, SKIPPING this Ant property propagation.
[WARNING] Ant property 'junit-pioneer=2.3.0' clashes with an existing Maven property, SKIPPING this Ant property propagation.
[WARNING] Ant property 'reactor=2025.0.6' clashes with an existing Maven property, SKIPPING this Ant property propagation.
[WARNING] Ant property 'maven-site-plugin.version=3.7.1' clashes with an existing Maven property, SKIPPING this Ant property propagation.
[WARNING] Ant property 'antora-component.prerelease=false' clashes with an existing Maven property, SKIPPING this Ant property propagation.
[WARNING] Ant property 'maven-checkstyle-plugin.version=3.6.0' clashes with an existing Maven property, SKIPPING this Ant property propagation.
[WARNING] Ant property 'micrometer=1.17.0' clashes with an existing Maven property, SKIPPING this Ant property propagation.
[WARNING] Ant property 'spring-hateoas=3.1.1' clashes with an existing Maven property, SKIPPING this Ant property propagation.
[WARNING] Ant property 'smallrye-mutiny=3.1.1' clashes with an existing Maven property, SKIPPING this Ant property propagation.
[WARNING] Ant property 'commons-io=2.5' clashes with an existing Maven property, SKIPPING this Ant property propagation.
[WARNING] Ant property 'junit-cc-testcontainer=2021.0.1' clashes with an existing Maven property, SKIPPING this Ant property propagation.
[WARNING] Ant property 'cdi=4.1.0' clashes with an existing Maven property, SKIPPING this Ant property propagation.
[WARNING] Ant property 'awaitility=4.3.0' clashes with an existing Maven property, SKIPPING this Ant property propagation.
[WARNING] Ant property 'checkstyle.version=10.20.1' clashes with an existing Maven property, SKIPPING this Ant property propagation.
[WARNING] Ant property 'slf4j=2.0.18' clashes with an existing Maven property, SKIPPING this Ant property propagation.
[WARNING] Ant property 'documentation.baseurl=https://docs.spring.io' clashes with an existing Maven property, SKIPPING this Ant property propagation.
[WARNING] Ant property 'mockk=1.14.11' clashes with an existing Maven property, SKIPPING this Ant property propagation.
[WARNING] Ant property 'kotlin.jvm.target=17' clashes with an existing Maven property, SKIPPING this Ant property propagation.
[WARNING] Ant property 'aspectj=1.9.25.1' clashes with an existing Maven property, SKIPPING this Ant property propagation.
[WARNING] Ant property 'maven-install-plugin.version=3.1.4' clashes with an existing Maven property, SKIPPING this Ant property propagation.
[WARNING] Ant property 'maven.compiler.release=17' clashes with an existing Maven property, SKIPPING this Ant property propagation.
[WARNING] Ant property 'testcontainers=2.0.5' clashes with an existing Maven property, SKIPPING this Ant property propagation.
[WARNING] Ant property 'micrometer-tracing=1.7.0' clashes with an existing Maven property, SKIPPING this Ant property propagation.
[WARNING] Ant property 'hamcrest=1.3' clashes with an existing Maven property, SKIPPING this Ant property propagation.
[WARNING] Ant property 'spring-asciidoctor-backends.version=0.0.7' clashes with an existing Maven property, SKIPPING this Ant property propagation.
[WARNING] Ant property 'dist.id=spring-data-neo4j' clashes with an existing Maven property, SKIPPING this Ant property propagation.
[WARNING] Ant property 'sortpom-maven-plugin.version=4.0.0' clashes with an existing Maven property, SKIPPING this Ant property propagation.
[WARNING] Ant property 'jakarta-annotation-api=2.0.0' clashes with an existing Maven property, SKIPPING this Ant property propagation.
[WARNING] Ant property 'junit5=6.0.3' clashes with an existing Maven property, SKIPPING this Ant property propagation.
[WARNING] Ant property 'springdata.commons=4.1.0' clashes with an existing Maven property, SKIPPING this Ant property propagation.
[WARNING] Ant property 'vavr=0.11.0' clashes with an existing Maven property, SKIPPING this Ant property propagation.
[WARNING] Ant property 'java-module-name=spring.data.neo4j' clashes with an existing Maven property, SKIPPING this Ant property propagation.
[WARNING] Ant property 'antora.javadoc-artifactId=spring-data-neo4j' clashes with an existing Maven property, SKIPPING this Ant property propagation.
[WARNING] Ant property 'skipUnitTests=${skipTests}' clashes with an existing Maven property, SKIPPING this Ant property propagation.
[WARNING] Ant property 'blockhound.version=1.0.8.RELEASE' clashes with an existing Maven property, SKIPPING this Ant property propagation.
[WARNING] Ant property 'license-maven-plugin.version=5.0.0' clashes with an existing Maven property, SKIPPING this Ant property propagation.
[WARNING] Ant property 'apiguardian.version=1.1.1' clashes with an existing Maven property, SKIPPING this Ant property propagation.
[WARNING] Ant property 'jsonpath=2.6.0' clashes with an existing Maven property, SKIPPING this Ant property propagation.
[WARNING] Ant property 'jaxb=3.0.1' clashes with an existing Maven property, SKIPPING this Ant property propagation.
[WARNING] Ant property 'rxjava3=3.1.12' clashes with an existing Maven property, SKIPPING this Ant property propagation.
[WARNING] Ant property 'rxjava2=2.2.21' clashes with an existing Maven property, SKIPPING this Ant property propagation.
[WARNING] Ant property 'spring-plugin=4.1.0' clashes with an existing Maven property, SKIPPING this Ant property propagation.
[WARNING] Ant property 'querydsl=5.1.0' clashes with an existing Maven property, SKIPPING this Ant property propagation.
[WARNING] Ant property 'jspecify.version=1.0.0' clashes with an existing Maven property, SKIPPING this Ant property propagation.
[WARNING] Ant property 'releasetrain=2026.0.0' clashes with an existing Maven property, SKIPPING this Ant property propagation.
[WARNING] Ant property 'r2dbc.h2.version=1.1.0.RELEASE' clashes with an existing Maven property, SKIPPING this Ant property propagation.
[WARNING] Ant property 'jakarta.interceptor-api.version=2.0.1' clashes with an existing Maven property, SKIPPING this Ant property propagation.
[WARNING] Ant property 'kotlin=2.3.21' clashes with an existing Maven property, SKIPPING this Ant property propagation.
[WARNING] Ant property 'neo4j-java-driver.version=6.1.0' clashes with an existing Maven property, SKIPPING this Ant property propagation.
[WARNING] Ant property 'jsr305.version=3.0.2' clashes with an existing Maven property, SKIPPING this Ant property propagation.
[WARNING] Ant property 'jackson3=3.1.4' clashes with an existing Maven property, SKIPPING this Ant property propagation.
[WARNING] Ant property 'jackson=2.21.4' clashes with an existing Maven property, SKIPPING this Ant property propagation.
[WARNING] Ant property 'dist.key=SDNEO4J' clashes with an existing Maven property, SKIPPING this Ant property propagation.
[WARNING] Ant property 'junit-pioneer.version=2.2.0' clashes with an existing Maven property, SKIPPING this Ant property propagation.
[WARNING] Ant property 'jaxb.version=2.3.1' clashes with an existing Maven property, SKIPPING this Ant property propagation.
[WARNING] Ant property 'jacoco=0.8.15' clashes with an existing Maven property, SKIPPING this Ant property propagation.
[WARNING] Ant property 'jakarta.transaction-api.version=2.0.0' clashes with an existing Maven property, SKIPPING this Ant property propagation.
[WARNING] Ant property 'documentation.spring-javadoc-url=https://docs.spring.io/spring-framework/docs/7.0.8/javadoc-api' clashes with an existing Maven property, SKIPPING this Ant property propagation.
[WARNING] Ant property 'antora-javadoc-artifactId=spring-data-neo4j' clashes with an existing Maven property, SKIPPING this Ant property propagation.
[WARNING] Ant property 'reactive-streams.version=1.2.1' clashes with an existing Maven property, SKIPPING this Ant property propagation.
[WARNING] Ant property 'logback=1.5.34' clashes with an existing Maven property, SKIPPING this Ant property propagation.
[WARNING] Ant property 'project.build.sourceEncoding=UTF-8' clashes with an existing Maven property, SKIPPING this Ant property propagation.
[WARNING] Ant property 'assertj=3.27.7' clashes with an existing Maven property, SKIPPING this Ant property propagation.
[WARNING] Ant property 'webbeans=4.0.3' clashes with an existing Maven property, SKIPPING this Ant property propagation.
[WARNING] Ant property 'eclipse-collections=11.0.0' clashes with an existing Maven property, SKIPPING this Ant property propagation.
[WARNING] Ant property 'jmolecules=2025.0.2' clashes with an existing Maven property, SKIPPING this Ant property propagation.
[WARNING] Ant property 'org.osgi.core.version=6.0.0' clashes with an existing Maven property, SKIPPING this Ant property propagation.
[WARNING] Ant property 'archunit=1.3.0' clashes with an existing Maven property, SKIPPING this Ant property propagation.
[WARNING] Ant property 'apt=1.1.3' clashes with an existing Maven property, SKIPPING this Ant property propagation.
[WARNING] Ant property 'source.level=17' clashes with an existing Maven property, SKIPPING this Ant property propagation.
[WARNING] Ant property 'jmh=1.37' clashes with an existing Maven property, SKIPPING this Ant property propagation.
[WARNING] Ant property 'mockito=5.23.0' clashes with an existing Maven property, SKIPPING this Ant property propagation.
[WARNING] Ant property 'jacoco-maven-plugin.version=0.8.15' clashes with an existing Maven property, SKIPPING this Ant property propagation.
[WARNING] Ant property 'spring-antora=0.0.4' clashes with an existing Maven property, SKIPPING this Ant property propagation.
[WARNING] Ant property 'kotlin-coroutines=1.10.2' clashes with an existing Maven property, SKIPPING this Ant property propagation.
[WARNING] Ant property 'jna.version=5.8.0' clashes with an existing Maven property, SKIPPING this Ant property propagation.
[WARNING] Ant property 'antora-component.version=8.1.0' clashes with an existing Maven property, SKIPPING this Ant property propagation.
[WARNING] Ant property 'objenesis.version=3.0.1' clashes with an existing Maven property, SKIPPING this Ant property propagation.
[WARNING] Ant property 'java.version=17' clashes with an existing Maven property, SKIPPING this Ant property propagation.
[WARNING] Ant property 'nullaway=0.13.1' clashes with an existing Maven property, SKIPPING this Ant property propagation.
[WARNING] Ant property 'archunit.version=1.4.1' clashes with an existing Maven property, SKIPPING this Ant property propagation.
[WARNING] Ant property 'kotlin.api.target=2.2' clashes with an existing Maven property, SKIPPING this Ant property propagation.
[WARNING] Ant property 'validation=3.1.1' clashes with an existing Maven property, SKIPPING this Ant property propagation.
[WARNING] Ant property 'antora.playbook=/workspaces/toc/articles/202606/spring-data-2026.0.0/sources/spring-data-neo4j/src/main/antora/antora-playbook.yml' clashes with an existing Maven property, SKIPPING this Ant property propagation.
[INFO] 
[INFO] --- resources:3.5.0:resources (default-resources) @ spring-data-neo4j ---
[INFO] Copying 1 resource from src/main/antora/resources/antora-resources to target/classes
[INFO] Copying 1 resource from src/main/antora/resources to target/classes
[INFO] Copying 1 resource from src/main/antora/resources to target/classes
[INFO] 
[INFO] --- flatten:1.7.0:flatten (flatten) @ spring-data-neo4j ---
[INFO] Generating flattened POM of project org.springframework.data:spring-data-neo4j:jar:8.1.0...
[INFO] 
[INFO] --- resources:3.5.0:resources (default) @ spring-data-neo4j ---
[INFO] Copying 1 resource from src/main/antora/resources/antora-resources to target/classes
[INFO] Copying 1 resource from src/main/antora/resources to target/classes
[INFO] Copying 1 resource from src/main/antora/resources to target/classes
[INFO] 
[INFO] -------------< org.springframework.data:spring-data-neo4j >-------------
[INFO] Building Spring Data Neo4j 8.1.0
[INFO]   from .flattened-pom.xml
[INFO] --------------------------------[ jar ]---------------------------------
[INFO] 
[INFO] --- dependency:3.10.0:unpack (default-cli) @ spring-data-neo4j ---
[INFO] ------------------------------------------------------------------------
[INFO] BUILD SUCCESS
[INFO] ------------------------------------------------------------------------
[INFO] Total time:  27.184 s
[INFO] Finished at: 2026-06-14T06:44:30Z
[INFO] ------------------------------------------------------------------------
[INFO] 20 goals, 20 executed
WARNING: A restricted method in java.lang.System has been called
WARNING: java.lang.System::load has been called by org.fusesource.jansi.internal.JansiLoader in an unnamed module (file:/home/codespace/.m2/wrapper/dists/apache-maven-3.9.16-bin/5grr65jo27hi51sujmtcldfovl/apache-maven-3.9.16/lib/jansi-2.4.3.jar)
WARNING: Use --enable-native-access=ALL-UNNAMED to avoid a warning for callers in this module
WARNING: Restricted methods will be blocked in a future release unless native access is enabled

[INFO] Scanning for projects...
[WARNING] This build will only read from the build cache, since the clean lifecycle is not part of the build invocation.
[INFO] 
[INFO] ------------< org.springframework.data:spring-data-commons >------------
[INFO] Building Spring Data Core 4.1.0
[INFO]   from pom.xml
[INFO] --------------------------------[ jar ]---------------------------------
[INFO] 
[INFO] --- antora-component-version:0.0.4:antora-component-version (default) @ spring-data-commons ---
[INFO] 
[INFO] --- enforcer:3.6.3:enforce (enforce-maven-version) @ spring-data-commons ---
[INFO] Rule 0: org.apache.maven.enforcer.rules.version.RequireMavenVersion passed
[INFO] Rule 1: org.apache.maven.enforcer.rules.version.RequireJavaVersion passed
[INFO] 
[INFO] --- antora-component-version:0.0.4:antora-component-version (default) @ spring-data-commons ---
[INFO] 
[INFO] --- enforcer:3.6.3:enforce (enforce-maven-version) @ spring-data-commons ---
[INFO] 
[INFO] --- antrun:3.2.0:run (export-properties) @ spring-data-commons ---
[INFO] Executing tasks
[INFO] Executed tasks
[WARNING] Ant property 'assertj=3.27.7' clashes with an existing Maven property, SKIPPING this Ant property propagation.
[WARNING] Ant property 'logback=1.5.34' clashes with an existing Maven property, SKIPPING this Ant property propagation.
[WARNING] Ant property 'project.build.sourceEncoding=UTF-8' clashes with an existing Maven property, SKIPPING this Ant property propagation.
[WARNING] Ant property 'validation=3.1.1' clashes with an existing Maven property, SKIPPING this Ant property propagation.
[WARNING] Ant property 'source.level=17' clashes with an existing Maven property, SKIPPING this Ant property propagation.
[WARNING] Ant property 'dist.id=spring-data-commons' clashes with an existing Maven property, SKIPPING this Ant property propagation.
[WARNING] Ant property 'querydsl=5.1.0' clashes with an existing Maven property, SKIPPING this Ant property propagation.
[WARNING] Ant property 'eclipse-collections=11.0.0' clashes with an existing Maven property, SKIPPING this Ant property propagation.
[WARNING] Ant property 'antora-javadoc-artifactId=spring-data-commons' clashes with an existing Maven property, SKIPPING this Ant property propagation.
[WARNING] Ant property 'documentation.baseurl=https://docs.spring.io' clashes with an existing Maven property, SKIPPING this Ant property propagation.
[WARNING] Ant property 'vavr=0.11.0' clashes with an existing Maven property, SKIPPING this Ant property propagation.
[WARNING] Ant property 'kotlin=2.3.21' clashes with an existing Maven property, SKIPPING this Ant property propagation.
[WARNING] Ant property 'jmh=1.37' clashes with an existing Maven property, SKIPPING this Ant property propagation.
[WARNING] Ant property 'mockk=1.14.11' clashes with an existing Maven property, SKIPPING this Ant property propagation.
[WARNING] Ant property 'nullaway=0.13.1' clashes with an existing Maven property, SKIPPING this Ant property propagation.
[WARNING] Ant property 'jacoco.destfile=/workspaces/toc/articles/202606/spring-data-2026.0.0/sources/spring-data-commons/target/jacoco.exec' clashes with an existing Maven property, SKIPPING this Ant property propagation.
[WARNING] Ant property 'testcontainers=2.0.5' clashes with an existing Maven property, SKIPPING this Ant property propagation.
[WARNING] Ant property 'microbenchmark=1.0.0' clashes with an existing Maven property, SKIPPING this Ant property propagation.
[WARNING] Ant property 'commons-io=2.5' clashes with an existing Maven property, SKIPPING this Ant property propagation.
[WARNING] Ant property 'micrometer=1.17.0' clashes with an existing Maven property, SKIPPING this Ant property propagation.
[WARNING] Ant property 'spring-plugin=4.1.0' clashes with an existing Maven property, SKIPPING this Ant property propagation.
[WARNING] Ant property 'java-module-name=spring.data.commons' clashes with an existing Maven property, SKIPPING this Ant property propagation.
[WARNING] Ant property 'servlet-api=6.1.0' clashes with an existing Maven property, SKIPPING this Ant property propagation.
[WARNING] Ant property 'apt=1.1.3' clashes with an existing Maven property, SKIPPING this Ant property propagation.
[WARNING] Ant property 'jackson3=3.1.4' clashes with an existing Maven property, SKIPPING this Ant property propagation.
[WARNING] Ant property 'antora-component.prerelease=false' clashes with an existing Maven property, SKIPPING this Ant property propagation.
[WARNING] Ant property 'jakarta-annotation-api=2.0.0' clashes with an existing Maven property, SKIPPING this Ant property propagation.
[WARNING] Ant property 'xmlbeam=1.4.26' clashes with an existing Maven property, SKIPPING this Ant property propagation.
[WARNING] Ant property 'webbeans=4.0.3' clashes with an existing Maven property, SKIPPING this Ant property propagation.
[WARNING] Ant property 'jsonpath=2.6.0' clashes with an existing Maven property, SKIPPING this Ant property propagation.
[WARNING] Ant property 'rxjava3=3.1.12' clashes with an existing Maven property, SKIPPING this Ant property propagation.
[WARNING] Ant property 'rxjava2=2.2.21' clashes with an existing Maven property, SKIPPING this Ant property propagation.
[WARNING] Ant property 'smallrye-mutiny=3.1.1' clashes with an existing Maven property, SKIPPING this Ant property propagation.
[WARNING] Ant property 'errorprone=2.46.0' clashes with an existing Maven property, SKIPPING this Ant property propagation.
[WARNING] Ant property 'project.root=/workspaces/toc/articles/202606/spring-data-2026.0.0/sources/spring-data-commons' clashes with an existing Maven property, SKIPPING this Ant property propagation.
[WARNING] Ant property 'jacoco=0.8.15' clashes with an existing Maven property, SKIPPING this Ant property propagation.
[WARNING] Ant property 'kotlin.api.target=2.2' clashes with an existing Maven property, SKIPPING this Ant property propagation.
[WARNING] Ant property 'spring-hateoas=3.1.1' clashes with an existing Maven property, SKIPPING this Ant property propagation.
[WARNING] Ant property 'antora.playbook=src/main/antora/antora-playbook.yml' clashes with an existing Maven property, SKIPPING this Ant property propagation.
[WARNING] Ant property 'spring-asciidoctor-backends.version=0.0.7' clashes with an existing Maven property, SKIPPING this Ant property propagation.
[WARNING] Ant property 'antora.javadoc-artifactId=spring-data-commons' clashes with an existing Maven property, SKIPPING this Ant property propagation.
[WARNING] Ant property 'awaitility=4.3.0' clashes with an existing Maven property, SKIPPING this Ant property propagation.
[WARNING] Ant property 'maven-antora=1.0.0-alpha.5' clashes with an existing Maven property, SKIPPING this Ant property propagation.
[WARNING] Ant property 'spring-antora=0.0.4' clashes with an existing Maven property, SKIPPING this Ant property propagation.
[WARNING] Ant property 'junit-pioneer=2.3.0' clashes with an existing Maven property, SKIPPING this Ant property propagation.
[WARNING] Ant property 'cdi=4.1.0' clashes with an existing Maven property, SKIPPING this Ant property propagation.
[WARNING] Ant property 'reactor=2025.0.6' clashes with an existing Maven property, SKIPPING this Ant property propagation.
[WARNING] Ant property 'hamcrest=1.3' clashes with an existing Maven property, SKIPPING this Ant property propagation.
[WARNING] Ant property 'micrometer-tracing=1.7.0' clashes with an existing Maven property, SKIPPING this Ant property propagation.
[WARNING] Ant property 'antora-component.version=4.1.0' clashes with an existing Maven property, SKIPPING this Ant property propagation.
[WARNING] Ant property 'archunit=1.3.0' clashes with an existing Maven property, SKIPPING this Ant property propagation.
[WARNING] Ant property 'scala=3.8.4' clashes with an existing Maven property, SKIPPING this Ant property propagation.
[WARNING] Ant property 'jmolecules=2025.0.2' clashes with an existing Maven property, SKIPPING this Ant property propagation.
[WARNING] Ant property 'mockito=5.23.0' clashes with an existing Maven property, SKIPPING this Ant property propagation.
[WARNING] Ant property 'guava=31.1-jre' clashes with an existing Maven property, SKIPPING this Ant property propagation.
[WARNING] Ant property 'jackson=2.21.4' clashes with an existing Maven property, SKIPPING this Ant property propagation.
[WARNING] Ant property 'documentation.spring-javadoc-url=https://docs.spring.io/spring-framework/docs/7.0.8/javadoc-api' clashes with an existing Maven property, SKIPPING this Ant property propagation.
[WARNING] Ant property 'slf4j=2.0.18' clashes with an existing Maven property, SKIPPING this Ant property propagation.
[WARNING] Ant property 'junit5=6.0.3' clashes with an existing Maven property, SKIPPING this Ant property propagation.
[WARNING] Ant property 'aspectj=1.9.25.1' clashes with an existing Maven property, SKIPPING this Ant property propagation.
[WARNING] Ant property 'jaxb=3.0.1' clashes with an existing Maven property, SKIPPING this Ant property propagation.
[WARNING] Ant property 'kotlin.jvm.target=17' clashes with an existing Maven property, SKIPPING this Ant property propagation.
[WARNING] Ant property 'spring=7.0.8' clashes with an existing Maven property, SKIPPING this Ant property propagation.
[WARNING] Ant property 'kotlin-coroutines=1.10.2' clashes with an existing Maven property, SKIPPING this Ant property propagation.
[WARNING] Ant property 'releasetrain=2026.0.0' clashes with an existing Maven property, SKIPPING this Ant property propagation.
[WARNING] Ant property 'junit=6.0.3' clashes with an existing Maven property, SKIPPING this Ant property propagation.
[INFO] 
[INFO] --- resources:3.5.0:resources (default-resources) @ spring-data-commons ---
[INFO] Copying 1 resource from src/main/antora/resources/antora-resources to target/classes
[INFO] Copying 1 resource from src/main/antora/resources to target/classes
[INFO] Copying 1 resource from src/main/antora/resources to target/classes
[INFO] 
[INFO] ------------< org.springframework.data:spring-data-commons >------------
[INFO] Building Spring Data Core 4.1.0
[INFO]   from pom.xml
[INFO] --------------------------------[ jar ]---------------------------------
[INFO] 
[INFO] --- dependency:3.10.0:unpack (default-cli) @ spring-data-commons ---
[INFO] ------------------------------------------------------------------------
[INFO] BUILD SUCCESS
[INFO] ------------------------------------------------------------------------
[INFO] Total time:  4.665 s
[INFO] Finished at: 2026-06-14T06:44:38Z
[INFO] ------------------------------------------------------------------------
[INFO] 7 goals, 7 executed
WARNING: A restricted method in java.lang.System has been called
WARNING: java.lang.System::load has been called by org.fusesource.jansi.internal.JansiLoader in an unnamed module (file:/home/codespace/.m2/wrapper/dists/apache-maven-3.9.16-bin/5grr65jo27hi51sujmtcldfovl/apache-maven-3.9.16/lib/jansi-2.4.3.jar)
WARNING: Use --enable-native-access=ALL-UNNAMED to avoid a warning for callers in this module
WARNING: Restricted methods will be blocked in a future release unless native access is enabled

