构建聚合 Javadoc：spring-data-relational
WARNING: A restricted method in java.lang.System has been called
WARNING: java.lang.System::load has been called by org.fusesource.jansi.internal.JansiLoader in an unnamed module (file:/home/codespace/.m2/wrapper/dists/apache-maven-3.9.16-bin/5grr65jo27hi51sujmtcldfovl/apache-maven-3.9.16/lib/jansi-2.4.3.jar)
WARNING: Use --enable-native-access=ALL-UNNAMED to avoid a warning for callers in this module
WARNING: Restricted methods will be blocked in a future release unless native access is enabled

[INFO] Scanning for projects...
[WARNING] This build will only read from the build cache, since the clean lifecycle is not part of the build invocation.
[INFO] ------------------------------------------------------------------------
[INFO] Reactor Build Order:
[INFO] 
[INFO] Spring Data Relational Parent                                      [pom]
[INFO] Spring Data Relational                                             [jar]
[INFO] Spring Data JDBC                                                   [jar]
[INFO] Spring Data R2DBC                                                  [jar]
[INFO] Spring Data JDBC - Distribution                                    [pom]
[INFO] 
[INFO] -------< org.springframework.data:spring-data-relational-parent >-------
[INFO] Building Spring Data Relational Parent 4.1.0                       [1/5]
[INFO]   from pom.xml
[INFO] --------------------------------[ pom ]---------------------------------
[INFO] 
[INFO] >>> javadoc:3.12.0:aggregate (default-cli) > compile @ spring-data-relational-parent >>>
[INFO] 
[INFO] >>>>>>>>>>>>>>>>>>>>>>>>>>>>>>>>>>>>>>>>>>>>>>>>>>>>>>>>>>>>>>>>>>>>>>>>
[INFO] Forking Spring Data Relational Parent 4.1.0
[INFO] >>>>>>>>>>>>>>>>>>>>>>>>>>>>>>>>>>>>>>>>>>>>>>>>>>>>>>>>>>>>>>>>>>>>>>>>
[INFO] 
[INFO] --- enforcer:3.6.3:enforce (enforce-maven-version) @ spring-data-relational-parent ---
[INFO] Rule 0: org.apache.maven.enforcer.rules.version.RequireMavenVersion passed
[INFO] Rule 1: org.apache.maven.enforcer.rules.version.RequireJavaVersion passed
[INFO] 
[INFO] --- kotlin:2.3.21:compile (compile) @ spring-data-relational-parent ---
[INFO] No sources to compile
[INFO] 
[INFO] --- compiler:3.15.0:compile (java-compile) @ spring-data-relational-parent ---
[INFO] No sources to compile
[INFO] 
[INFO] >>>>>>>>>>>>>>>>>>>>>>>>>>>>>>>>>>>>>>>>>>>>>>>>>>>>>>>>>>>>>>>>>>>>>>>>
[INFO] Forking Spring Data Relational 4.1.0
[INFO] >>>>>>>>>>>>>>>>>>>>>>>>>>>>>>>>>>>>>>>>>>>>>>>>>>>>>>>>>>>>>>>>>>>>>>>>
[INFO] 
[INFO] --- enforcer:3.6.3:enforce (enforce-maven-version) @ spring-data-relational ---
[INFO] 
[INFO] --- resources:3.5.0:resources (default-resources) @ spring-data-relational ---
[INFO] Copying 1 resource from src/main/resources to target/classes
[INFO] 
[INFO] --- kotlin:2.3.21:compile (compile) @ spring-data-relational ---
[INFO] Options for KOTLIN DAEMON: CompilationOptions(compilerMode=NON_INCREMENTAL_COMPILER, targetPlatform=JVM, reportCategories=[0], reportSeverity=2, requestedCompilationResults=[0], kotlinScriptExtensions=null, generateCompilerRefIndex=false)
[INFO] 
[INFO] --- compiler:3.15.0:compile (java-compile) @ spring-data-relational ---
[INFO] Recompiling the module because of changed source code.
[INFO] Compiling 291 source files with javac [debug parameters release 17] to target/classes
[WARNING] /workspaces/toc/articles/202606/spring-data-2026.0.0/sources/spring-data-relational/spring-data-relational/src/main/java/org/springframework/data/relational/core/conversion/DocumentPropertyAccessor.java:[32,40] org.springframework.context.expression.MapAccessor in org.springframework.context.expression has been deprecated and marked for removal
[WARNING] /workspaces/toc/articles/202606/spring-data-2026.0.0/sources/spring-data-relational/spring-data-relational/src/main/java/org/springframework/data/relational/core/conversion/DocumentPropertyAccessor.java:[34,22] org.springframework.context.expression.MapAccessor in org.springframework.context.expression has been deprecated and marked for removal
[WARNING] /workspaces/toc/articles/202606/spring-data-2026.0.0/sources/spring-data-relational/spring-data-relational/src/main/java/org/springframework/data/relational/core/mapping/BasicRelationalPersistentEntity.java:[160,30] getIdColumn() in org.springframework.data.relational.core.mapping.RelationalPersistentEntity has been deprecated and marked for removal
[WARNING] /workspaces/toc/articles/202606/spring-data-2026.0.0/sources/spring-data-relational/spring-data-relational/src/main/java/org/springframework/data/relational/core/mapping/EmbeddedRelationalPersistentEntity.java:[58,30] getIdColumn() in org.springframework.data.relational.core.mapping.RelationalPersistentEntity has been deprecated and marked for removal
[INFO] /workspaces/toc/articles/202606/spring-data-2026.0.0/sources/spring-data-relational/spring-data-relational/src/main/java/org/springframework/data/relational/core/mapping/event/WithEntity.java: /workspaces/toc/articles/202606/spring-data-2026.0.0/sources/spring-data-relational/spring-data-relational/src/main/java/org/springframework/data/relational/core/mapping/event/WithEntity.java uses or overrides a deprecated API.
[INFO] /workspaces/toc/articles/202606/spring-data-2026.0.0/sources/spring-data-relational/spring-data-relational/src/main/java/org/springframework/data/relational/core/mapping/event/WithEntity.java: Recompile with -Xlint:deprecation for details.
[INFO] /workspaces/toc/articles/202606/spring-data-2026.0.0/sources/spring-data-relational/spring-data-relational/src/main/java/org/springframework/data/relational/core/conversion/BatchedActions.java: Some input files use unchecked or unsafe operations.
[INFO] /workspaces/toc/articles/202606/spring-data-2026.0.0/sources/spring-data-relational/spring-data-relational/src/main/java/org/springframework/data/relational/core/conversion/BatchedActions.java: Recompile with -Xlint:unchecked for details.
[INFO] 
[INFO] >>>>>>>>>>>>>>>>>>>>>>>>>>>>>>>>>>>>>>>>>>>>>>>>>>>>>>>>>>>>>>>>>>>>>>>>
[INFO] Forking Spring Data JDBC 4.1.0
[INFO] >>>>>>>>>>>>>>>>>>>>>>>>>>>>>>>>>>>>>>>>>>>>>>>>>>>>>>>>>>>>>>>>>>>>>>>>
[INFO] 
[INFO] --- enforcer:3.6.3:enforce (enforce-maven-version) @ spring-data-jdbc ---
[INFO] 
[INFO] --- resources:3.5.0:resources (default-resources) @ spring-data-jdbc ---
[INFO] Copying 2 resources from src/main/resources to target/classes
[INFO] 
[INFO] --- kotlin:2.3.21:compile (compile) @ spring-data-jdbc ---
[INFO] Options for KOTLIN DAEMON: CompilationOptions(compilerMode=NON_INCREMENTAL_COMPILER, targetPlatform=JVM, reportCategories=[0], reportSeverity=2, requestedCompilationResults=[0], kotlinScriptExtensions=null, generateCompilerRefIndex=false)
[WARNING] file:///workspaces/toc/articles/202606/spring-data-2026.0.0/sources/spring-data-relational/spring-data-jdbc/src/main/kotlin/org/springframework/data/jdbc/core/JdbcAggregateOperationsExtensions.kt:85:5 'fun <T : Any!> findAll(domainType: Class<T!>!, pageable: Pageable!): Page<T & Any>!' is deprecated. Deprecated in Java.
[WARNING] file:///workspaces/toc/articles/202606/spring-data-2026.0.0/sources/spring-data-relational/spring-data-jdbc/src/main/kotlin/org/springframework/data/jdbc/core/JdbcAggregateOperationsExtensions.kt:107:5 'fun <T : Any!> findAll(query: Query!, domainType: Class<T!>!, pageable: Pageable!): Page<T & Any>!' is deprecated. Deprecated in Java.
[INFO] 
[INFO] --- compiler:3.15.0:compile (java-compile) @ spring-data-jdbc ---
[INFO] Recompiling the module because of changed dependency.
[INFO] Compiling 146 source files with javac [debug parameters release 17] to target/classes
[WARNING] /workspaces/toc/articles/202606/spring-data-2026.0.0/sources/spring-data-relational/spring-data-jdbc/src/main/java/org/springframework/data/jdbc/core/convert/DefaultJdbcTypeFactory.java:[57,66] org.springframework.data.jdbc.core.convert.JdbcArrayColumns in org.springframework.data.jdbc.core.convert has been deprecated and marked for removal
[WARNING] /workspaces/toc/articles/202606/spring-data-2026.0.0/sources/spring-data-relational/spring-data-jdbc/src/main/java/org/springframework/data/jdbc/core/dialect/DialectResolver.java:[69,82] org.springframework.data.jdbc.repository.config.DialectResolver in org.springframework.data.jdbc.repository.config has been deprecated and marked for removal
[WARNING] /workspaces/toc/articles/202606/spring-data-2026.0.0/sources/spring-data-relational/spring-data-jdbc/src/main/java/org/springframework/data/jdbc/core/dialect/DialectResolver.java:[69,98] org.springframework.data.jdbc.repository.config.DialectResolver.JdbcDialectProvider in org.springframework.data.jdbc.repository.config.DialectResolver has been deprecated and marked for removal
[WARNING] /workspaces/toc/articles/202606/spring-data-2026.0.0/sources/spring-data-relational/spring-data-jdbc/src/main/java/org/springframework/data/jdbc/core/dialect/DialectResolver.java:[70,87] org.springframework.data.jdbc.repository.config.DialectResolver in org.springframework.data.jdbc.repository.config has been deprecated and marked for removal
[WARNING] /workspaces/toc/articles/202606/spring-data-2026.0.0/sources/spring-data-relational/spring-data-jdbc/src/main/java/org/springframework/data/jdbc/core/dialect/DialectResolver.java:[70,103] org.springframework.data.jdbc.repository.config.DialectResolver.JdbcDialectProvider in org.springframework.data.jdbc.repository.config.DialectResolver has been deprecated and marked for removal
[WARNING] /workspaces/toc/articles/202606/spring-data-2026.0.0/sources/spring-data-relational/spring-data-jdbc/src/main/java/org/springframework/data/jdbc/core/dialect/JdbcPostgresDialect.java:[56,74] INSTANCE in org.springframework.data.relational.core.dialect.PostgresDialect has been deprecated and marked for removal
[WARNING] /workspaces/toc/articles/202606/spring-data-2026.0.0/sources/spring-data-relational/spring-data-jdbc/src/main/java/org/springframework/data/jdbc/repository/support/JdbcRepositoryFactoryBean.java:[201,42] setEntityCallbacks(org.springframework.data.mapping.callback.EntityCallbacks) in org.springframework.data.jdbc.repository.support.JdbcRepositoryFactory has been deprecated and marked for removal
[WARNING] /workspaces/toc/articles/202606/spring-data-2026.0.0/sources/spring-data-relational/spring-data-jdbc/src/main/java/org/springframework/data/jdbc/repository/support/JdbcRepositoryFactoryBean.java:[204,34] setApplicationEventPublisher(org.springframework.context.ApplicationEventPublisher) in org.springframework.data.jdbc.repository.support.JdbcRepositoryFactory has been deprecated and marked for removal
[INFO] /workspaces/toc/articles/202606/spring-data-2026.0.0/sources/spring-data-relational/spring-data-jdbc/src/main/java/org/springframework/data/jdbc/core/convert/Jsr310TimestampBasedConverters.java: Some input files use or override a deprecated API.
[INFO] /workspaces/toc/articles/202606/spring-data-2026.0.0/sources/spring-data-relational/spring-data-jdbc/src/main/java/org/springframework/data/jdbc/core/convert/Jsr310TimestampBasedConverters.java: Recompile with -Xlint:deprecation for details.
[INFO] /workspaces/toc/articles/202606/spring-data-2026.0.0/sources/spring-data-relational/spring-data-jdbc/src/main/java/org/springframework/data/jdbc/core/JdbcAggregateChangeExecutionContext.java: Some input files use unchecked or unsafe operations.
[INFO] /workspaces/toc/articles/202606/spring-data-2026.0.0/sources/spring-data-relational/spring-data-jdbc/src/main/java/org/springframework/data/jdbc/core/JdbcAggregateChangeExecutionContext.java: Recompile with -Xlint:unchecked for details.
[INFO] 
[INFO] >>>>>>>>>>>>>>>>>>>>>>>>>>>>>>>>>>>>>>>>>>>>>>>>>>>>>>>>>>>>>>>>>>>>>>>>
[INFO] Forking Spring Data R2DBC 4.1.0
[INFO] >>>>>>>>>>>>>>>>>>>>>>>>>>>>>>>>>>>>>>>>>>>>>>>>>>>>>>>>>>>>>>>>>>>>>>>>
[INFO] 
[INFO] --- enforcer:3.6.3:enforce (enforce-maven-version) @ spring-data-r2dbc ---
[INFO] 
[INFO] --- jacoco:0.8.15:prepare-agent (jacoco-initialize) @ spring-data-r2dbc ---
[INFO] argLine set to -javaagent:/home/codespace/.m2/repository/org/jacoco/org.jacoco.agent/0.8.15/org.jacoco.agent-0.8.15-runtime.jar=destfile=/workspaces/toc/articles/202606/spring-data-2026.0.0/sources/spring-data-relational/spring-data-r2dbc/target/jacoco.exec
[INFO] 
[INFO] --- resources:3.5.0:resources (default-resources) @ spring-data-r2dbc ---
[INFO] Copying 4 resources from src/main/resources to target/classes
[INFO] 
[INFO] --- flatten:1.7.3:flatten (flatten) @ spring-data-r2dbc ---
[INFO] Generating flattened POM of project org.springframework.data:spring-data-r2dbc:jar:4.1.0...
[INFO] 
[INFO] --- kotlin:2.3.21:compile (compile) @ spring-data-r2dbc ---
[INFO] Options for KOTLIN DAEMON: CompilationOptions(compilerMode=NON_INCREMENTAL_COMPILER, targetPlatform=JVM, reportCategories=[0], reportSeverity=2, requestedCompilationResults=[0], kotlinScriptExtensions=null, generateCompilerRefIndex=false)
[INFO] 
[INFO] --- compiler:3.15.0:compile (java-compile) @ spring-data-r2dbc ---
[INFO] Recompiling the module because of changed dependency.
[INFO] Compiling 93 source files with javac [debug parameters release 17] to target/classes
[WARNING] /workspaces/toc/articles/202606/spring-data-2026.0.0/sources/spring-data-relational/spring-data-r2dbc/src/main/java/org/springframework/data/r2dbc/aot/R2dbcRuntimeHints.java:[52,101] PUBLIC_CLASSES in org.springframework.aot.hint.MemberCategory has been deprecated and marked for removal
[WARNING] /workspaces/toc/articles/202606/spring-data-2026.0.0/sources/spring-data-relational/spring-data-r2dbc/src/main/java/org/springframework/data/r2dbc/core/MapBindParameterSource.java:[36,1] deprecated item is not annotated with @Deprecated
[WARNING] /workspaces/toc/articles/202606/spring-data-2026.0.0/sources/spring-data-relational/spring-data-r2dbc/src/main/java/org/springframework/data/r2dbc/dialect/PostgresDialect.java:[49,97] INSTANCE in org.springframework.data.relational.core.dialect.PostgresDialect has been deprecated and marked for removal
[INFO] /workspaces/toc/articles/202606/spring-data-2026.0.0/sources/spring-data-relational/spring-data-r2dbc/src/main/java/org/springframework/data/r2dbc/config/AbstractR2dbcConfiguration.java: Some input files use or override a deprecated API.
[INFO] /workspaces/toc/articles/202606/spring-data-2026.0.0/sources/spring-data-relational/spring-data-r2dbc/src/main/java/org/springframework/data/r2dbc/config/AbstractR2dbcConfiguration.java: Recompile with -Xlint:deprecation for details.
[INFO] /workspaces/toc/articles/202606/spring-data-2026.0.0/sources/spring-data-relational/spring-data-r2dbc/src/main/java/org/springframework/data/r2dbc/config/AbstractR2dbcConfiguration.java: Some input files use unchecked or unsafe operations.
[INFO] /workspaces/toc/articles/202606/spring-data-2026.0.0/sources/spring-data-relational/spring-data-r2dbc/src/main/java/org/springframework/data/r2dbc/config/AbstractR2dbcConfiguration.java: Recompile with -Xlint:unchecked for details.
[INFO] 
[INFO] >>>>>>>>>>>>>>>>>>>>>>>>>>>>>>>>>>>>>>>>>>>>>>>>>>>>>>>>>>>>>>>>>>>>>>>>
[INFO] Forking Spring Data JDBC - Distribution 4.1.0
[INFO] >>>>>>>>>>>>>>>>>>>>>>>>>>>>>>>>>>>>>>>>>>>>>>>>>>>>>>>>>>>>>>>>>>>>>>>>
[INFO] 
[INFO] --- enforcer:3.6.3:enforce (enforce-maven-version) @ spring-data-jdbc-distribution ---
[INFO] 
[INFO] --- resources:3.5.0:resources (default) @ spring-data-jdbc-distribution ---
[INFO] Copying 1 resource from ../src/main/antora/resources/antora-resources to target/classes
[INFO] 
[INFO] --- kotlin:2.3.21:compile (compile) @ spring-data-jdbc-distribution ---
[INFO] No sources to compile
[INFO] 
[INFO] --- compiler:3.15.0:compile (java-compile) @ spring-data-jdbc-distribution ---
[INFO] No sources to compile
[INFO] 
[INFO] <<< javadoc:3.12.0:aggregate (default-cli) < compile @ spring-data-relational-parent <<<
[INFO] 
[INFO] 
[INFO] --- javadoc:3.12.0:aggregate (default-cli) @ spring-data-relational-parent ---
[INFO] ------------------------------------------------------------------------
[INFO] Reactor Summary for Spring Data Relational Parent 4.1.0:
[INFO] 
[INFO] Spring Data Relational Parent ...................... SUCCESS [01:21 min]
[INFO] Spring Data Relational ............................. SKIPPED
[INFO] Spring Data JDBC ................................... SKIPPED
[INFO] Spring Data R2DBC .................................. SKIPPED
[INFO] Spring Data JDBC - Distribution .................... SKIPPED
[INFO] ------------------------------------------------------------------------
[INFO] BUILD SUCCESS
[INFO] ------------------------------------------------------------------------
[INFO] Total time:  01:23 min
[INFO] Finished at: 2026-06-14T06:39:44Z
[INFO] ------------------------------------------------------------------------
[INFO] 22 goals, 22 executed
构建 reference 文档：spring-data-relational
[INFO] Scanning for projects...
[WARNING] This build will only read from the build cache, since the clean lifecycle is not part of the build invocation.
[INFO] ------------------------------------------------------------------------
[INFO] Reactor Build Order:
[INFO] 
[INFO] Spring Data Relational Parent                                      [pom]
[INFO] Spring Data JDBC - Distribution                                    [pom]
[INFO] 
[INFO] -------< org.springframework.data:spring-data-relational-parent >-------
[INFO] Building Spring Data Relational Parent 4.1.0                       [1/2]
[INFO]   from pom.xml
[INFO] --------------------------------[ pom ]---------------------------------
[INFO] 
[INFO] --- antora-component-version:0.0.4:antora-component-version (default) @ spring-data-relational-parent ---
[INFO] 
[INFO] --- enforcer:3.6.3:enforce (enforce-maven-version) @ spring-data-relational-parent ---
[INFO] Rule 0: org.apache.maven.enforcer.rules.version.RequireMavenVersion passed
[INFO] Rule 1: org.apache.maven.enforcer.rules.version.RequireJavaVersion passed
[INFO] 
[INFO] --- antora-component-version:0.0.4:antora-component-version (default) @ spring-data-relational-parent ---
[INFO] 
[INFO] --- enforcer:3.6.3:enforce (enforce-maven-version) @ spring-data-relational-parent ---
[INFO] 
[INFO] --- antrun:3.2.0:run (export-properties) @ spring-data-relational-parent ---
[INFO] Executing tasks
[INFO] Executed tasks
[WARNING] Ant property 'spring-plugin=4.1.0' clashes with an existing Maven property, SKIPPING this Ant property propagation.
[WARNING] Ant property 'jmolecules=2025.0.2' clashes with an existing Maven property, SKIPPING this Ant property propagation.
[WARNING] Ant property 'apt=1.1.3' clashes with an existing Maven property, SKIPPING this Ant property propagation.
[WARNING] Ant property 'postgresql.version=42.7.11' clashes with an existing Maven property, SKIPPING this Ant property propagation.
[WARNING] Ant property 'mockito=5.23.0' clashes with an existing Maven property, SKIPPING this Ant property propagation.
[WARNING] Ant property 'jackson3=3.1.4' clashes with an existing Maven property, SKIPPING this Ant property propagation.
[WARNING] Ant property 'eclipse-collections=11.0.0' clashes with an existing Maven property, SKIPPING this Ant property propagation.
[WARNING] Ant property 'servlet-api=6.1.0' clashes with an existing Maven property, SKIPPING this Ant property propagation.
[WARNING] Ant property 'antora-component.version=4.1.0' clashes with an existing Maven property, SKIPPING this Ant property propagation.
[WARNING] Ant property 'db2.version=12.1.4.0' clashes with an existing Maven property, SKIPPING this Ant property propagation.
[WARNING] Ant property 'assertj=3.27.7' clashes with an existing Maven property, SKIPPING this Ant property propagation.
[WARNING] Ant property 'sonar.dynamicAnalysis=reuseReports' clashes with an existing Maven property, SKIPPING this Ant property propagation.
[WARNING] Ant property 'r2dbc-mysql.version=1.4.2' clashes with an existing Maven property, SKIPPING this Ant property propagation.
[WARNING] Ant property 'mybatis-spring.version=3.0.2' clashes with an existing Maven property, SKIPPING this Ant property propagation.
[WARNING] Ant property 'mysql-connector-java.version=9.6.0' clashes with an existing Maven property, SKIPPING this Ant property propagation.
[WARNING] Ant property 'validation=3.1.1' clashes with an existing Maven property, SKIPPING this Ant property propagation.
[WARNING] Ant property 'vavr=0.11.0' clashes with an existing Maven property, SKIPPING this Ant property propagation.
[WARNING] Ant property 'spring-asciidoctor-backends.version=0.0.7' clashes with an existing Maven property, SKIPPING this Ant property propagation.
[WARNING] Ant property 'querydsl=5.1.0' clashes with an existing Maven property, SKIPPING this Ant property propagation.
[WARNING] Ant property 'springdata.commons=4.1.0' clashes with an existing Maven property, SKIPPING this Ant property propagation.
[WARNING] Ant property 'junit=6.0.3' clashes with an existing Maven property, SKIPPING this Ant property propagation.
[WARNING] Ant property 'liquibase.version=4.21.1' clashes with an existing Maven property, SKIPPING this Ant property propagation.
[WARNING] Ant property 'commons-io=2.5' clashes with an existing Maven property, SKIPPING this Ant property propagation.
[WARNING] Ant property 'mssql.version=13.4.0.jre11' clashes with an existing Maven property, SKIPPING this Ant property propagation.
[WARNING] Ant property 'hikari.version=5.1.0' clashes with an existing Maven property, SKIPPING this Ant property propagation.
[WARNING] Ant property 'mbr.version=0.4.0.BUILD-SNAPSHOT' clashes with an existing Maven property, SKIPPING this Ant property propagation.
[WARNING] Ant property 'testcontainers=2.0.5' clashes with an existing Maven property, SKIPPING this Ant property propagation.
[WARNING] Ant property 'jmh=1.37' clashes with an existing Maven property, SKIPPING this Ant property propagation.
[WARNING] Ant property 'cdi=4.1.0' clashes with an existing Maven property, SKIPPING this Ant property propagation.
[WARNING] Ant property 'guava=31.1-jre' clashes with an existing Maven property, SKIPPING this Ant property propagation.
[WARNING] Ant property 'jacoco.destfile=/workspaces/toc/articles/202606/spring-data-2026.0.0/sources/spring-data-relational/target/jacoco.exec' clashes with an existing Maven property, SKIPPING this Ant property propagation.
[WARNING] Ant property 'kotlin.jvm.target=17' clashes with an existing Maven property, SKIPPING this Ant property propagation.
[WARNING] Ant property 'jakarta-annotation-api=2.0.0' clashes with an existing Maven property, SKIPPING this Ant property propagation.
[WARNING] Ant property 'project.build.sourceEncoding=UTF-8' clashes with an existing Maven property, SKIPPING this Ant property propagation.
[WARNING] Ant property 'antora.playbook=src/main/antora/antora-playbook.yml' clashes with an existing Maven property, SKIPPING this Ant property propagation.
[WARNING] Ant property 'spring-antora=0.0.4' clashes with an existing Maven property, SKIPPING this Ant property propagation.
[WARNING] Ant property 'microbenchmark=1.0.0' clashes with an existing Maven property, SKIPPING this Ant property propagation.
[WARNING] Ant property 'r2dbc-mariadb.version=1.3.0' clashes with an existing Maven property, SKIPPING this Ant property propagation.
[WARNING] Ant property 'jacoco=0.8.15' clashes with an existing Maven property, SKIPPING this Ant property propagation.
[WARNING] Ant property 'errorprone=2.46.0' clashes with an existing Maven property, SKIPPING this Ant property propagation.
[WARNING] Ant property 'oracle.version=23.26.2.0.0' clashes with an existing Maven property, SKIPPING this Ant property propagation.
[WARNING] Ant property 'jsr305.version=3.0.2' clashes with an existing Maven property, SKIPPING this Ant property propagation.
[WARNING] Ant property 'documentation.baseurl=https://docs.spring.io' clashes with an existing Maven property, SKIPPING this Ant property propagation.
[WARNING] Ant property 'maven-antora=1.0.0-alpha.5' clashes with an existing Maven property, SKIPPING this Ant property propagation.
[WARNING] Ant property 'r2dbc-postgresql.version=1.1.1.RELEASE' clashes with an existing Maven property, SKIPPING this Ant property propagation.
[WARNING] Ant property 'spring=7.0.8' clashes with an existing Maven property, SKIPPING this Ant property propagation.
[WARNING] Ant property 'r2dbc-mssql.version=1.0.4.RELEASE' clashes with an existing Maven property, SKIPPING this Ant property propagation.
[WARNING] Ant property 'oracle-r2dbc.version=1.3.0' clashes with an existing Maven property, SKIPPING this Ant property propagation.
[WARNING] Ant property 'r2dbc-h2.version=1.1.0.RELEASE' clashes with an existing Maven property, SKIPPING this Ant property propagation.
[WARNING] Ant property 'rxjava3=3.1.12' clashes with an existing Maven property, SKIPPING this Ant property propagation.
[WARNING] Ant property 'rxjava2=2.2.21' clashes with an existing Maven property, SKIPPING this Ant property propagation.
[WARNING] Ant property 'jsonpath=2.6.0' clashes with an existing Maven property, SKIPPING this Ant property propagation.
[WARNING] Ant property 'mariadb-java-client.version=3.5.8' clashes with an existing Maven property, SKIPPING this Ant property propagation.
[WARNING] Ant property 'slf4j=2.0.18' clashes with an existing Maven property, SKIPPING this Ant property propagation.
[WARNING] Ant property 'antora-javadoc-artifactId=spring-data-relational-parent' clashes with an existing Maven property, SKIPPING this Ant property propagation.
[WARNING] Ant property 'r2dbc-pool.version=1.0.2.RELEASE' clashes with an existing Maven property, SKIPPING this Ant property propagation.
[WARNING] Ant property 'kotlin-coroutines=1.10.2' clashes with an existing Maven property, SKIPPING this Ant property propagation.
[WARNING] Ant property 'hsqldb.version=2.7.3' clashes with an existing Maven property, SKIPPING this Ant property propagation.
[WARNING] Ant property 'java-module-name=' clashes with an existing Maven property, SKIPPING this Ant property propagation.
[WARNING] Ant property 'kotlin=2.3.21' clashes with an existing Maven property, SKIPPING this Ant property propagation.
[WARNING] Ant property 'kotlin.api.target=2.2' clashes with an existing Maven property, SKIPPING this Ant property propagation.
[WARNING] Ant property 'logback=1.5.34' clashes with an existing Maven property, SKIPPING this Ant property propagation.
[WARNING] Ant property 'antora.javadoc-artifactId=spring-data-relational-parent' clashes with an existing Maven property, SKIPPING this Ant property propagation.
[WARNING] Ant property 'webbeans=4.0.3' clashes with an existing Maven property, SKIPPING this Ant property propagation.
[WARNING] Ant property 'archunit=1.3.0' clashes with an existing Maven property, SKIPPING this Ant property propagation.
[WARNING] Ant property 'micrometer=1.17.0' clashes with an existing Maven property, SKIPPING this Ant property propagation.
[WARNING] Ant property 'source.level=17' clashes with an existing Maven property, SKIPPING this Ant property propagation.
[WARNING] Ant property 'mybatis.version=3.5.13' clashes with an existing Maven property, SKIPPING this Ant property propagation.
[WARNING] Ant property 'junit5=6.0.3' clashes with an existing Maven property, SKIPPING this Ant property propagation.
[WARNING] Ant property 'jaxb=3.0.1' clashes with an existing Maven property, SKIPPING this Ant property propagation.
[WARNING] Ant property 'h2.version=2.4.240' clashes with an existing Maven property, SKIPPING this Ant property propagation.
[WARNING] Ant property 'hamcrest=1.3' clashes with an existing Maven property, SKIPPING this Ant property propagation.
[WARNING] Ant property 'dist.id=spring-data-jdbc' clashes with an existing Maven property, SKIPPING this Ant property propagation.
[WARNING] Ant property 'releasetrain=2026.0.0' clashes with an existing Maven property, SKIPPING this Ant property propagation.
[WARNING] Ant property 'aspectj=1.9.25.1' clashes with an existing Maven property, SKIPPING this Ant property propagation.
[WARNING] Ant property 'documentation.spring-javadoc-url=https://docs.spring.io/spring-framework/docs/7.0.8/javadoc-api' clashes with an existing Maven property, SKIPPING this Ant property propagation.
[WARNING] Ant property 'reactor=2025.0.6' clashes with an existing Maven property, SKIPPING this Ant property propagation.
[WARNING] Ant property 'micrometer-tracing=1.7.0' clashes with an existing Maven property, SKIPPING this Ant property propagation.
[WARNING] Ant property 'jackson=2.21.4' clashes with an existing Maven property, SKIPPING this Ant property propagation.
[WARNING] Ant property 'awaitility=4.3.0' clashes with an existing Maven property, SKIPPING this Ant property propagation.
[WARNING] Ant property 'spring-hateoas=3.1.1' clashes with an existing Maven property, SKIPPING this Ant property propagation.
[WARNING] Ant property 'antora-component.prerelease=false' clashes with an existing Maven property, SKIPPING this Ant property propagation.
[WARNING] Ant property 'junit-pioneer=2.3.0' clashes with an existing Maven property, SKIPPING this Ant property propagation.
[WARNING] Ant property 'smallrye-mutiny=3.1.1' clashes with an existing Maven property, SKIPPING this Ant property propagation.
[WARNING] Ant property 'mockk=1.14.11' clashes with an existing Maven property, SKIPPING this Ant property propagation.
[WARNING] Ant property 'nullaway=0.13.1' clashes with an existing Maven property, SKIPPING this Ant property propagation.
[WARNING] Ant property 'archunit.version=1.4.1' clashes with an existing Maven property, SKIPPING this Ant property propagation.
[WARNING] Ant property 'project.root=/workspaces/toc/articles/202606/spring-data-2026.0.0/sources/spring-data-relational' clashes with an existing Maven property, SKIPPING this Ant property propagation.
[INFO] 
[INFO] -------< org.springframework.data:spring-data-jdbc-distribution >-------
[INFO] Building Spring Data JDBC - Distribution 4.1.0                     [2/2]
[INFO]   from spring-data-jdbc-distribution/pom.xml
[INFO] --------------------------------[ pom ]---------------------------------
[INFO] 
[INFO] --- antora-component-version:0.0.4:antora-component-version (default) @ spring-data-jdbc-distribution ---
[INFO] 
[INFO] --- enforcer:3.6.3:enforce (enforce-maven-version) @ spring-data-jdbc-distribution ---
[INFO] 
[INFO] --- antora-component-version:0.0.4:antora-component-version (default) @ spring-data-jdbc-distribution ---
[INFO] 
[INFO] --- enforcer:3.6.3:enforce (enforce-maven-version) @ spring-data-jdbc-distribution ---
[INFO] 
[INFO] --- antrun:3.2.0:run (export-properties) @ spring-data-jdbc-distribution ---
[INFO] Executing tasks
[INFO] Executed tasks
[WARNING] Ant property 'spring-plugin=4.1.0' clashes with an existing Maven property, SKIPPING this Ant property propagation.
[WARNING] Ant property 'jmolecules=2025.0.2' clashes with an existing Maven property, SKIPPING this Ant property propagation.
[WARNING] Ant property 'apt=1.1.3' clashes with an existing Maven property, SKIPPING this Ant property propagation.
[WARNING] Ant property 'postgresql.version=42.7.11' clashes with an existing Maven property, SKIPPING this Ant property propagation.
[WARNING] Ant property 'mockito=5.23.0' clashes with an existing Maven property, SKIPPING this Ant property propagation.
[WARNING] Ant property 'jackson3=3.1.4' clashes with an existing Maven property, SKIPPING this Ant property propagation.
[WARNING] Ant property 'eclipse-collections=11.0.0' clashes with an existing Maven property, SKIPPING this Ant property propagation.
[WARNING] Ant property 'servlet-api=6.1.0' clashes with an existing Maven property, SKIPPING this Ant property propagation.
[WARNING] Ant property 'antora-component.version=4.1.0' clashes with an existing Maven property, SKIPPING this Ant property propagation.
[WARNING] Ant property 'db2.version=12.1.4.0' clashes with an existing Maven property, SKIPPING this Ant property propagation.
[WARNING] Ant property 'assertj=3.27.7' clashes with an existing Maven property, SKIPPING this Ant property propagation.
[WARNING] Ant property 'sonar.dynamicAnalysis=reuseReports' clashes with an existing Maven property, SKIPPING this Ant property propagation.
[WARNING] Ant property 'r2dbc-mysql.version=1.4.2' clashes with an existing Maven property, SKIPPING this Ant property propagation.
[WARNING] Ant property 'mybatis-spring.version=3.0.2' clashes with an existing Maven property, SKIPPING this Ant property propagation.
[WARNING] Ant property 'mysql-connector-java.version=9.6.0' clashes with an existing Maven property, SKIPPING this Ant property propagation.
[WARNING] Ant property 'validation=3.1.1' clashes with an existing Maven property, SKIPPING this Ant property propagation.
[WARNING] Ant property 'vavr=0.11.0' clashes with an existing Maven property, SKIPPING this Ant property propagation.
[WARNING] Ant property 'spring-asciidoctor-backends.version=0.0.7' clashes with an existing Maven property, SKIPPING this Ant property propagation.
[WARNING] Ant property 'querydsl=5.1.0' clashes with an existing Maven property, SKIPPING this Ant property propagation.
[WARNING] Ant property 'springdata.commons=4.1.0' clashes with an existing Maven property, SKIPPING this Ant property propagation.
[WARNING] Ant property 'junit=6.0.3' clashes with an existing Maven property, SKIPPING this Ant property propagation.
[WARNING] Ant property 'liquibase.version=4.21.1' clashes with an existing Maven property, SKIPPING this Ant property propagation.
[WARNING] Ant property 'commons-io=2.5' clashes with an existing Maven property, SKIPPING this Ant property propagation.
[WARNING] Ant property 'mssql.version=13.4.0.jre11' clashes with an existing Maven property, SKIPPING this Ant property propagation.
[WARNING] Ant property 'hikari.version=5.1.0' clashes with an existing Maven property, SKIPPING this Ant property propagation.
[WARNING] Ant property 'mbr.version=0.4.0.BUILD-SNAPSHOT' clashes with an existing Maven property, SKIPPING this Ant property propagation.
[WARNING] Ant property 'testcontainers=2.0.5' clashes with an existing Maven property, SKIPPING this Ant property propagation.
[WARNING] Ant property 'jmh=1.37' clashes with an existing Maven property, SKIPPING this Ant property propagation.
[WARNING] Ant property 'cdi=4.1.0' clashes with an existing Maven property, SKIPPING this Ant property propagation.
[WARNING] Ant property 'guava=31.1-jre' clashes with an existing Maven property, SKIPPING this Ant property propagation.
[WARNING] Ant property 'jacoco.destfile=/workspaces/toc/articles/202606/spring-data-2026.0.0/sources/spring-data-relational/spring-data-jdbc-distribution/target/jacoco.exec' clashes with an existing Maven property, SKIPPING this Ant property propagation.
[WARNING] Ant property 'kotlin.jvm.target=17' clashes with an existing Maven property, SKIPPING this Ant property propagation.
[WARNING] Ant property 'jakarta-annotation-api=2.0.0' clashes with an existing Maven property, SKIPPING this Ant property propagation.
[WARNING] Ant property 'project.build.sourceEncoding=UTF-8' clashes with an existing Maven property, SKIPPING this Ant property propagation.
[WARNING] Ant property 'antora.playbook=/workspaces/toc/articles/202606/spring-data-2026.0.0/sources/spring-data-relational/spring-data-jdbc-distribution/../src/main/antora/antora-playbook.yml' clashes with an existing Maven property, SKIPPING this Ant property propagation.
[WARNING] Ant property 'spring-antora=0.0.4' clashes with an existing Maven property, SKIPPING this Ant property propagation.
[WARNING] Ant property 'microbenchmark=1.0.0' clashes with an existing Maven property, SKIPPING this Ant property propagation.
[WARNING] Ant property 'r2dbc-mariadb.version=1.3.0' clashes with an existing Maven property, SKIPPING this Ant property propagation.
[WARNING] Ant property 'jacoco=0.8.15' clashes with an existing Maven property, SKIPPING this Ant property propagation.
[WARNING] Ant property 'errorprone=2.46.0' clashes with an existing Maven property, SKIPPING this Ant property propagation.
[WARNING] Ant property 'oracle.version=23.26.2.0.0' clashes with an existing Maven property, SKIPPING this Ant property propagation.
[WARNING] Ant property 'jsr305.version=3.0.2' clashes with an existing Maven property, SKIPPING this Ant property propagation.
[WARNING] Ant property 'documentation.baseurl=https://docs.spring.io' clashes with an existing Maven property, SKIPPING this Ant property propagation.
[WARNING] Ant property 'maven-antora=1.0.0-alpha.5' clashes with an existing Maven property, SKIPPING this Ant property propagation.
[WARNING] Ant property 'r2dbc-postgresql.version=1.1.1.RELEASE' clashes with an existing Maven property, SKIPPING this Ant property propagation.
[WARNING] Ant property 'spring=7.0.8' clashes with an existing Maven property, SKIPPING this Ant property propagation.
[WARNING] Ant property 'r2dbc-mssql.version=1.0.4.RELEASE' clashes with an existing Maven property, SKIPPING this Ant property propagation.
[WARNING] Ant property 'oracle-r2dbc.version=1.3.0' clashes with an existing Maven property, SKIPPING this Ant property propagation.
[WARNING] Ant property 'r2dbc-h2.version=1.1.0.RELEASE' clashes with an existing Maven property, SKIPPING this Ant property propagation.
[WARNING] Ant property 'rxjava3=3.1.12' clashes with an existing Maven property, SKIPPING this Ant property propagation.
[WARNING] Ant property 'rxjava2=2.2.21' clashes with an existing Maven property, SKIPPING this Ant property propagation.
[WARNING] Ant property 'jsonpath=2.6.0' clashes with an existing Maven property, SKIPPING this Ant property propagation.
[WARNING] Ant property 'mariadb-java-client.version=3.5.8' clashes with an existing Maven property, SKIPPING this Ant property propagation.
[WARNING] Ant property 'slf4j=2.0.18' clashes with an existing Maven property, SKIPPING this Ant property propagation.
[WARNING] Ant property 'antora-javadoc-artifactId=spring-data-jdbc-distribution' clashes with an existing Maven property, SKIPPING this Ant property propagation.
[WARNING] Ant property 'r2dbc-pool.version=1.0.2.RELEASE' clashes with an existing Maven property, SKIPPING this Ant property propagation.
[WARNING] Ant property 'kotlin-coroutines=1.10.2' clashes with an existing Maven property, SKIPPING this Ant property propagation.
[WARNING] Ant property 'hsqldb.version=2.7.3' clashes with an existing Maven property, SKIPPING this Ant property propagation.
[WARNING] Ant property 'java-module-name=' clashes with an existing Maven property, SKIPPING this Ant property propagation.
[WARNING] Ant property 'kotlin=2.3.21' clashes with an existing Maven property, SKIPPING this Ant property propagation.
[WARNING] Ant property 'kotlin.api.target=2.2' clashes with an existing Maven property, SKIPPING this Ant property propagation.
[WARNING] Ant property 'logback=1.5.34' clashes with an existing Maven property, SKIPPING this Ant property propagation.
[WARNING] Ant property 'antora.javadoc-artifactId=spring-data-jdbc-distribution' clashes with an existing Maven property, SKIPPING this Ant property propagation.
[WARNING] Ant property 'webbeans=4.0.3' clashes with an existing Maven property, SKIPPING this Ant property propagation.
[WARNING] Ant property 'archunit=1.3.0' clashes with an existing Maven property, SKIPPING this Ant property propagation.
[WARNING] Ant property 'micrometer=1.17.0' clashes with an existing Maven property, SKIPPING this Ant property propagation.
[WARNING] Ant property 'source.level=17' clashes with an existing Maven property, SKIPPING this Ant property propagation.
[WARNING] Ant property 'mybatis.version=3.5.13' clashes with an existing Maven property, SKIPPING this Ant property propagation.
[WARNING] Ant property 'junit5=6.0.3' clashes with an existing Maven property, SKIPPING this Ant property propagation.
[WARNING] Ant property 'jaxb=3.0.1' clashes with an existing Maven property, SKIPPING this Ant property propagation.
[WARNING] Ant property 'h2.version=2.4.240' clashes with an existing Maven property, SKIPPING this Ant property propagation.
[WARNING] Ant property 'hamcrest=1.3' clashes with an existing Maven property, SKIPPING this Ant property propagation.
[WARNING] Ant property 'dist.id=spring-data-jdbc' clashes with an existing Maven property, SKIPPING this Ant property propagation.
[WARNING] Ant property 'releasetrain=2026.0.0' clashes with an existing Maven property, SKIPPING this Ant property propagation.
[WARNING] Ant property 'aspectj=1.9.25.1' clashes with an existing Maven property, SKIPPING this Ant property propagation.
[WARNING] Ant property 'documentation.spring-javadoc-url=https://docs.spring.io/spring-framework/docs/7.0.8/javadoc-api' clashes with an existing Maven property, SKIPPING this Ant property propagation.
[WARNING] Ant property 'reactor=2025.0.6' clashes with an existing Maven property, SKIPPING this Ant property propagation.
[WARNING] Ant property 'micrometer-tracing=1.7.0' clashes with an existing Maven property, SKIPPING this Ant property propagation.
[WARNING] Ant property 'jackson=2.21.4' clashes with an existing Maven property, SKIPPING this Ant property propagation.
[WARNING] Ant property 'awaitility=4.3.0' clashes with an existing Maven property, SKIPPING this Ant property propagation.
[WARNING] Ant property 'spring-hateoas=3.1.1' clashes with an existing Maven property, SKIPPING this Ant property propagation.
[WARNING] Ant property 'antora-component.prerelease=false' clashes with an existing Maven property, SKIPPING this Ant property propagation.
[WARNING] Ant property 'junit-pioneer=2.3.0' clashes with an existing Maven property, SKIPPING this Ant property propagation.
[WARNING] Ant property 'smallrye-mutiny=3.1.1' clashes with an existing Maven property, SKIPPING this Ant property propagation.
[WARNING] Ant property 'mockk=1.14.11' clashes with an existing Maven property, SKIPPING this Ant property propagation.
[WARNING] Ant property 'nullaway=0.13.1' clashes with an existing Maven property, SKIPPING this Ant property propagation.
[WARNING] Ant property 'archunit.version=1.4.1' clashes with an existing Maven property, SKIPPING this Ant property propagation.
[WARNING] Ant property 'project.root=/workspaces/toc/articles/202606/spring-data-2026.0.0/sources/spring-data-relational/spring-data-jdbc-distribution/..' clashes with an existing Maven property, SKIPPING this Ant property propagation.
[INFO] 
[INFO] --- resources:3.5.0:resources (default) @ spring-data-jdbc-distribution ---
[INFO] Copying 1 resource from ../src/main/antora/resources/antora-resources to target/classes
[INFO] skip non existing resourceDirectory /workspaces/toc/articles/202606/spring-data-2026.0.0/sources/spring-data-relational/spring-data-jdbc-distribution/src/main/antora/resources
[INFO] skip non existing resourceDirectory /workspaces/toc/articles/202606/spring-data-2026.0.0/sources/spring-data-relational/spring-data-jdbc-distribution/src/main/antora/resources
[INFO] ------------------------------------------------------------------------
[INFO] Reactor Summary for Spring Data Relational Parent 4.1.0:
[INFO] 
[INFO] Spring Data Relational Parent ...................... SUCCESS [  1.262 s]
[INFO] Spring Data JDBC - Distribution .................... SUCCESS [  0.266 s]
[INFO] ------------------------------------------------------------------------
[INFO] BUILD SUCCESS
[INFO] ------------------------------------------------------------------------
[INFO] Total time:  2.461 s
[INFO] Finished at: 2026-06-14T06:39:50Z
[INFO] ------------------------------------------------------------------------
[INFO] 11 goals, 11 executed
WARNING: A restricted method in java.lang.System has been called
WARNING: java.lang.System::load has been called by org.fusesource.jansi.internal.JansiLoader in an unnamed module (file:/home/codespace/.m2/wrapper/dists/apache-maven-3.9.16-bin/5grr65jo27hi51sujmtcldfovl/apache-maven-3.9.16/lib/jansi-2.4.3.jar)
WARNING: Use --enable-native-access=ALL-UNNAMED to avoid a warning for callers in this module
WARNING: Restricted methods will be blocked in a future release unless native access is enabled

[INFO] Scanning for projects...
[WARNING] This build will only read from the build cache, since the clean lifecycle is not part of the build invocation.
[INFO] ------------------------------------------------------------------------
[INFO] Reactor Build Order:
[INFO] 
[INFO] Spring Data Relational Parent                                      [pom]
[INFO] Spring Data Relational                                             [jar]
[INFO] Spring Data JDBC                                                   [jar]
[INFO] Spring Data R2DBC                                                  [jar]
[INFO] Spring Data JDBC - Distribution                                    [pom]
[INFO] 
[INFO] -------< org.springframework.data:spring-data-relational-parent >-------
[INFO] Building Spring Data Relational Parent 4.1.0                       [1/5]
[INFO]   from pom.xml
[INFO] --------------------------------[ pom ]---------------------------------
[INFO] 
[INFO] --- enforcer:3.6.3:enforce (enforce-maven-version) @ spring-data-relational-parent ---
[INFO] Rule 0: org.apache.maven.enforcer.rules.version.RequireMavenVersion passed
[INFO] Rule 1: org.apache.maven.enforcer.rules.version.RequireJavaVersion passed
[INFO] 
[INFO] --- dependency:3.10.0:unpack-dependencies (unpack-shared-resources) @ spring-data-relational-parent ---
[INFO] 
[INFO] --- antrun:3.2.0:run (copy-documentation-resources) @ spring-data-relational-parent ---
[INFO] Executing tasks
[INFO] Executed tasks
[INFO] 
[INFO] --- compiler:3.15.0:compile (java-compile) @ spring-data-relational-parent ---
[INFO] No sources to compile
[INFO] 
[INFO] --- build-helper:3.6.1:add-test-source (add-jmh-source) @ spring-data-relational-parent ---
[INFO] Test Source directory: /workspaces/toc/articles/202606/spring-data-2026.0.0/sources/spring-data-relational/src/jmh/java added.
[INFO] 
[INFO] --- compiler:3.15.0:testCompile (java-test-compile) @ spring-data-relational-parent ---
[INFO] Skipped
[INFO] 
[INFO] --- build-helper:3.6.1:add-source (add-kotlin-source) @ spring-data-relational-parent ---
[INFO] Source directory: /workspaces/toc/articles/202606/spring-data-2026.0.0/sources/spring-data-relational/src/main/kotlin added.
[INFO] 
[INFO] --- javadoc:3.12.0:aggregate-no-fork (aggregate-javadoc) @ spring-data-relational-parent ---
[INFO] 
[INFO] --- antrun:3.2.0:run (rename-reference-docs) @ spring-data-relational-parent ---
[INFO] Executing tasks
[ERROR]      [copy] Warning: /workspaces/toc/articles/202606/spring-data-2026.0.0/sources/spring-data-relational/target/generated-docs does not exist.
[ERROR]      [copy] Warning: Could not find file /workspaces/toc/articles/202606/spring-data-2026.0.0/sources/spring-data-relational/target/generated-docs/index.pdf to copy.
[ERROR]      [copy] Warning: Could not find file /workspaces/toc/articles/202606/spring-data-2026.0.0/sources/spring-data-relational/target/generated-docs/index.epub to copy.
[INFO] Executed tasks
[INFO] 
[INFO] >>> source:3.4.0:jar (attach-sources) > generate-sources @ spring-data-relational-parent >>>
[INFO] 
[INFO] --- enforcer:3.6.3:enforce (enforce-maven-version) @ spring-data-relational-parent ---
[INFO] 
[INFO] <<< source:3.4.0:jar (attach-sources) < generate-sources @ spring-data-relational-parent <<<
[INFO] 
[INFO] 
[INFO] --- source:3.4.0:jar (attach-sources) @ spring-data-relational-parent ---
[INFO] 
[INFO] --- antrun:3.2.0:run (copy-javadoc) @ spring-data-relational-parent ---
[INFO] Executing tasks
[INFO]      [copy] Copying 1121 files to /workspaces/toc/articles/202606/spring-data-2026.0.0/sources/spring-data-relational/target/antora/modules/ROOT/assets/attachments/api/java
[INFO] Executed tasks
[INFO] 
[INFO] ----------< org.springframework.data:spring-data-relational >-----------
[INFO] Building Spring Data Relational 4.1.0                              [2/5]
[INFO]   from spring-data-relational/pom.xml
[INFO] --------------------------------[ jar ]---------------------------------
[INFO] 
[INFO] --- enforcer:3.6.3:enforce (enforce-maven-version) @ spring-data-relational ---
[INFO] 
[INFO] --- dependency:3.10.0:unpack-dependencies (unpack-shared-resources) @ spring-data-relational ---
[INFO] 
[INFO] --- antrun:3.2.0:run (copy-documentation-resources) @ spring-data-relational ---
[INFO] Executing tasks
[INFO] Executed tasks
[INFO] 
[INFO] --- resources:3.5.0:resources (default-resources) @ spring-data-relational ---
[INFO] Copying 1 resource from src/main/resources to target/classes
[INFO] 
[INFO] --- compiler:3.15.0:compile (java-compile) @ spring-data-relational ---
[INFO] Nothing to compile - all classes are up to date.
[INFO] 
[INFO] --- build-helper:3.6.1:add-test-source (add-jmh-source) @ spring-data-relational ---
[INFO] Test Source directory: /workspaces/toc/articles/202606/spring-data-2026.0.0/sources/spring-data-relational/spring-data-relational/src/jmh/java added.
[INFO] 
[INFO] --- resources:3.5.0:testResources (default-testResources) @ spring-data-relational ---
[INFO] Not copying test resources
[INFO] 
[INFO] --- compiler:3.15.0:testCompile (java-test-compile) @ spring-data-relational ---
[INFO] Skipped
[INFO] 
[INFO] --- surefire:3.5.6:test (default-test) @ spring-data-relational ---
[WARNING]  Parameter 'systemProperties' is deprecated: use systemPropertyVariables instead
[INFO] Skipped
[INFO] 
[INFO] --- build-helper:3.6.1:add-source (add-kotlin-source) @ spring-data-relational ---
[INFO] Source directory: /workspaces/toc/articles/202606/spring-data-2026.0.0/sources/spring-data-relational/spring-data-relational/src/main/kotlin added.
[INFO] 
[INFO] --- javadoc:3.12.0:aggregate-no-fork (aggregate-javadoc) @ spring-data-relational ---
[INFO] 
[INFO] --- antrun:3.2.0:run (rename-reference-docs) @ spring-data-relational ---
[INFO] Executing tasks
[ERROR]      [copy] Warning: /workspaces/toc/articles/202606/spring-data-2026.0.0/sources/spring-data-relational/spring-data-relational/target/generated-docs does not exist.
[ERROR]      [copy] Warning: Could not find file /workspaces/toc/articles/202606/spring-data-2026.0.0/sources/spring-data-relational/spring-data-relational/target/generated-docs/index.pdf to copy.
[ERROR]      [copy] Warning: Could not find file /workspaces/toc/articles/202606/spring-data-2026.0.0/sources/spring-data-relational/spring-data-relational/target/generated-docs/index.epub to copy.
[INFO] Executed tasks
[INFO] 
[INFO] --- jar:3.5.0:jar (default-jar) @ spring-data-relational ---
[INFO] Building jar: /workspaces/toc/articles/202606/spring-data-2026.0.0/sources/spring-data-relational/spring-data-relational/target/spring-data-relational-4.1.0.jar
[INFO] 
[INFO] >>> source:3.4.0:jar (attach-sources) > generate-sources @ spring-data-relational >>>
[INFO] 
[INFO] --- enforcer:3.6.3:enforce (enforce-maven-version) @ spring-data-relational ---
[INFO] 
[INFO] <<< source:3.4.0:jar (attach-sources) < generate-sources @ spring-data-relational <<<
[INFO] 
[INFO] 
[INFO] --- source:3.4.0:jar (attach-sources) @ spring-data-relational ---
[INFO] Building jar: /workspaces/toc/articles/202606/spring-data-2026.0.0/sources/spring-data-relational/spring-data-relational/target/spring-data-relational-4.1.0-sources.jar
[INFO] 
[INFO] --- antrun:3.2.0:run (copy-javadoc) @ spring-data-relational ---
[INFO] Executing tasks
[INFO] Executed tasks
[INFO] 
[INFO] -------------< org.springframework.data:spring-data-jdbc >--------------
[INFO] Building Spring Data JDBC 4.1.0                                    [3/5]
[INFO]   from spring-data-jdbc/pom.xml
[INFO] --------------------------------[ jar ]---------------------------------
[INFO] 
[INFO] --- enforcer:3.6.3:enforce (enforce-maven-version) @ spring-data-jdbc ---
[INFO] 
[INFO] --- dependency:3.10.0:unpack-dependencies (unpack-shared-resources) @ spring-data-jdbc ---
[INFO] 
[INFO] --- antrun:3.2.0:run (copy-documentation-resources) @ spring-data-jdbc ---
[INFO] Executing tasks
[INFO] Executed tasks
[INFO] 
[INFO] --- resources:3.5.0:resources (default-resources) @ spring-data-jdbc ---
[INFO] Copying 2 resources from src/main/resources to target/classes
[INFO] 
[INFO] --- compiler:3.15.0:compile (java-compile) @ spring-data-jdbc ---
[INFO] Recompiling the module because of changed dependency.
[INFO] Compiling 146 source files with javac [debug parameters release 17] to target/classes
[WARNING] /workspaces/toc/articles/202606/spring-data-2026.0.0/sources/spring-data-relational/spring-data-jdbc/src/main/java/org/springframework/data/jdbc/core/convert/DefaultJdbcTypeFactory.java:[57,66] org.springframework.data.jdbc.core.convert.JdbcArrayColumns in org.springframework.data.jdbc.core.convert has been deprecated and marked for removal
[WARNING] /workspaces/toc/articles/202606/spring-data-2026.0.0/sources/spring-data-relational/spring-data-jdbc/src/main/java/org/springframework/data/jdbc/core/dialect/DialectResolver.java:[69,82] org.springframework.data.jdbc.repository.config.DialectResolver in org.springframework.data.jdbc.repository.config has been deprecated and marked for removal
[WARNING] /workspaces/toc/articles/202606/spring-data-2026.0.0/sources/spring-data-relational/spring-data-jdbc/src/main/java/org/springframework/data/jdbc/core/dialect/DialectResolver.java:[69,98] org.springframework.data.jdbc.repository.config.DialectResolver.JdbcDialectProvider in org.springframework.data.jdbc.repository.config.DialectResolver has been deprecated and marked for removal
[WARNING] /workspaces/toc/articles/202606/spring-data-2026.0.0/sources/spring-data-relational/spring-data-jdbc/src/main/java/org/springframework/data/jdbc/core/dialect/DialectResolver.java:[70,87] org.springframework.data.jdbc.repository.config.DialectResolver in org.springframework.data.jdbc.repository.config has been deprecated and marked for removal
[WARNING] /workspaces/toc/articles/202606/spring-data-2026.0.0/sources/spring-data-relational/spring-data-jdbc/src/main/java/org/springframework/data/jdbc/core/dialect/DialectResolver.java:[70,103] org.springframework.data.jdbc.repository.config.DialectResolver.JdbcDialectProvider in org.springframework.data.jdbc.repository.config.DialectResolver has been deprecated and marked for removal
[WARNING] /workspaces/toc/articles/202606/spring-data-2026.0.0/sources/spring-data-relational/spring-data-jdbc/src/main/java/org/springframework/data/jdbc/core/dialect/JdbcPostgresDialect.java:[56,74] INSTANCE in org.springframework.data.relational.core.dialect.PostgresDialect has been deprecated and marked for removal
[WARNING] /workspaces/toc/articles/202606/spring-data-2026.0.0/sources/spring-data-relational/spring-data-jdbc/src/main/java/org/springframework/data/jdbc/repository/support/JdbcRepositoryFactoryBean.java:[201,42] setEntityCallbacks(org.springframework.data.mapping.callback.EntityCallbacks) in org.springframework.data.jdbc.repository.support.JdbcRepositoryFactory has been deprecated and marked for removal
[WARNING] /workspaces/toc/articles/202606/spring-data-2026.0.0/sources/spring-data-relational/spring-data-jdbc/src/main/java/org/springframework/data/jdbc/repository/support/JdbcRepositoryFactoryBean.java:[204,34] setApplicationEventPublisher(org.springframework.context.ApplicationEventPublisher) in org.springframework.data.jdbc.repository.support.JdbcRepositoryFactory has been deprecated and marked for removal
[INFO] /workspaces/toc/articles/202606/spring-data-2026.0.0/sources/spring-data-relational/spring-data-jdbc/src/main/java/org/springframework/data/jdbc/core/convert/Jsr310TimestampBasedConverters.java: Some input files use or override a deprecated API.
[INFO] /workspaces/toc/articles/202606/spring-data-2026.0.0/sources/spring-data-relational/spring-data-jdbc/src/main/java/org/springframework/data/jdbc/core/convert/Jsr310TimestampBasedConverters.java: Recompile with -Xlint:deprecation for details.
[INFO] /workspaces/toc/articles/202606/spring-data-2026.0.0/sources/spring-data-relational/spring-data-jdbc/src/main/java/org/springframework/data/jdbc/core/JdbcAggregateChangeExecutionContext.java: Some input files use unchecked or unsafe operations.
[INFO] /workspaces/toc/articles/202606/spring-data-2026.0.0/sources/spring-data-relational/spring-data-jdbc/src/main/java/org/springframework/data/jdbc/core/JdbcAggregateChangeExecutionContext.java: Recompile with -Xlint:unchecked for details.
[INFO] 
[INFO] --- build-helper:3.6.1:add-test-source (add-jmh-source) @ spring-data-jdbc ---
[INFO] Test Source directory: /workspaces/toc/articles/202606/spring-data-2026.0.0/sources/spring-data-relational/spring-data-jdbc/src/jmh/java added.
[INFO] 
[INFO] --- resources:3.5.0:testResources (default-testResources) @ spring-data-jdbc ---
[INFO] Not copying test resources
[INFO] 
[INFO] --- compiler:3.15.0:testCompile (java-test-compile) @ spring-data-jdbc ---
[INFO] Skipped
[INFO] 
[INFO] --- surefire:3.5.6:test (default-test) @ spring-data-jdbc ---
[WARNING]  Parameter 'systemProperties' is deprecated: use systemPropertyVariables instead
[INFO] Skipped
[INFO] 
[INFO] --- build-helper:3.6.1:add-source (add-kotlin-source) @ spring-data-jdbc ---
[INFO] Source directory: /workspaces/toc/articles/202606/spring-data-2026.0.0/sources/spring-data-relational/spring-data-jdbc/src/main/kotlin added.
[INFO] 
[INFO] --- javadoc:3.12.0:aggregate-no-fork (aggregate-javadoc) @ spring-data-jdbc ---
[INFO] 
[INFO] --- antrun:3.2.0:run (rename-reference-docs) @ spring-data-jdbc ---
[INFO] Executing tasks
[ERROR]      [copy] Warning: /workspaces/toc/articles/202606/spring-data-2026.0.0/sources/spring-data-relational/spring-data-jdbc/target/generated-docs does not exist.
[ERROR]      [copy] Warning: Could not find file /workspaces/toc/articles/202606/spring-data-2026.0.0/sources/spring-data-relational/spring-data-jdbc/target/generated-docs/index.pdf to copy.
[ERROR]      [copy] Warning: Could not find file /workspaces/toc/articles/202606/spring-data-2026.0.0/sources/spring-data-relational/spring-data-jdbc/target/generated-docs/index.epub to copy.
[INFO] Executed tasks
[INFO] 
[INFO] --- jar:3.5.0:jar (default-jar) @ spring-data-jdbc ---
[INFO] Building jar: /workspaces/toc/articles/202606/spring-data-2026.0.0/sources/spring-data-relational/spring-data-jdbc/target/spring-data-jdbc-4.1.0.jar
[INFO] 
[INFO] >>> source:3.4.0:jar (attach-sources) > generate-sources @ spring-data-jdbc >>>
[INFO] 
[INFO] --- enforcer:3.6.3:enforce (enforce-maven-version) @ spring-data-jdbc ---
[INFO] 
[INFO] <<< source:3.4.0:jar (attach-sources) < generate-sources @ spring-data-jdbc <<<
[INFO] 
[INFO] 
[INFO] --- source:3.4.0:jar (attach-sources) @ spring-data-jdbc ---
[INFO] Building jar: /workspaces/toc/articles/202606/spring-data-2026.0.0/sources/spring-data-relational/spring-data-jdbc/target/spring-data-jdbc-4.1.0-sources.jar
[INFO] 
[INFO] --- antrun:3.2.0:run (copy-javadoc) @ spring-data-jdbc ---
[INFO] Executing tasks
[INFO] Executed tasks
[INFO] 
[INFO] -------------< org.springframework.data:spring-data-r2dbc >-------------
[INFO] Building Spring Data R2DBC 4.1.0                                   [4/5]
[INFO]   from spring-data-r2dbc/pom.xml
[INFO] --------------------------------[ jar ]---------------------------------
[INFO] 
[INFO] --- enforcer:3.6.3:enforce (enforce-maven-version) @ spring-data-r2dbc ---
[INFO] 
[INFO] --- jacoco:0.8.15:prepare-agent (jacoco-initialize) @ spring-data-r2dbc ---
[INFO] argLine set to -javaagent:/home/codespace/.m2/repository/org/jacoco/org.jacoco.agent/0.8.15/org.jacoco.agent-0.8.15-runtime.jar=destfile=/workspaces/toc/articles/202606/spring-data-2026.0.0/sources/spring-data-relational/spring-data-r2dbc/target/jacoco.exec
[INFO] 
[INFO] --- dependency:3.10.0:unpack-dependencies (unpack-shared-resources) @ spring-data-r2dbc ---
[INFO] 
[INFO] --- antrun:3.2.0:run (copy-documentation-resources) @ spring-data-r2dbc ---
[INFO] Executing tasks
[INFO] Executed tasks
[INFO] 
[INFO] --- resources:3.5.0:resources (default-resources) @ spring-data-r2dbc ---
[INFO] Copying 4 resources from src/main/resources to target/classes
[INFO] 
[INFO] --- flatten:1.7.3:flatten (flatten) @ spring-data-r2dbc ---
[INFO] Generating flattened POM of project org.springframework.data:spring-data-r2dbc:jar:4.1.0...
[INFO] 
[INFO] --- compiler:3.15.0:compile (java-compile) @ spring-data-r2dbc ---
[INFO] Recompiling the module because of changed dependency.
[INFO] Compiling 93 source files with javac [debug parameters release 17] to target/classes
[WARNING] /workspaces/toc/articles/202606/spring-data-2026.0.0/sources/spring-data-relational/spring-data-r2dbc/src/main/java/org/springframework/data/r2dbc/aot/R2dbcRuntimeHints.java:[52,101] PUBLIC_CLASSES in org.springframework.aot.hint.MemberCategory has been deprecated and marked for removal
[WARNING] /workspaces/toc/articles/202606/spring-data-2026.0.0/sources/spring-data-relational/spring-data-r2dbc/src/main/java/org/springframework/data/r2dbc/core/MapBindParameterSource.java:[36,1] deprecated item is not annotated with @Deprecated
[WARNING] /workspaces/toc/articles/202606/spring-data-2026.0.0/sources/spring-data-relational/spring-data-r2dbc/src/main/java/org/springframework/data/r2dbc/dialect/PostgresDialect.java:[49,97] INSTANCE in org.springframework.data.relational.core.dialect.PostgresDialect has been deprecated and marked for removal
[INFO] /workspaces/toc/articles/202606/spring-data-2026.0.0/sources/spring-data-relational/spring-data-r2dbc/src/main/java/org/springframework/data/r2dbc/config/AbstractR2dbcConfiguration.java: Some input files use or override a deprecated API.
[INFO] /workspaces/toc/articles/202606/spring-data-2026.0.0/sources/spring-data-relational/spring-data-r2dbc/src/main/java/org/springframework/data/r2dbc/config/AbstractR2dbcConfiguration.java: Recompile with -Xlint:deprecation for details.
[INFO] /workspaces/toc/articles/202606/spring-data-2026.0.0/sources/spring-data-relational/spring-data-r2dbc/src/main/java/org/springframework/data/r2dbc/config/AbstractR2dbcConfiguration.java: Some input files use unchecked or unsafe operations.
[INFO] /workspaces/toc/articles/202606/spring-data-2026.0.0/sources/spring-data-relational/spring-data-r2dbc/src/main/java/org/springframework/data/r2dbc/config/AbstractR2dbcConfiguration.java: Recompile with -Xlint:unchecked for details.
[INFO] 
[INFO] --- build-helper:3.6.1:add-test-source (add-jmh-source) @ spring-data-r2dbc ---
[INFO] Test Source directory: /workspaces/toc/articles/202606/spring-data-2026.0.0/sources/spring-data-relational/spring-data-r2dbc/src/jmh/java added.
[INFO] 
[INFO] --- resources:3.5.0:testResources (default-testResources) @ spring-data-r2dbc ---
[INFO] Not copying test resources
[INFO] 
[INFO] --- compiler:3.15.0:testCompile (java-test-compile) @ spring-data-r2dbc ---
[INFO] Skipped
[INFO] 
[INFO] --- surefire:3.5.6:test (default-test) @ spring-data-r2dbc ---
[WARNING]  Parameter 'systemProperties' is deprecated: use systemPropertyVariables instead
[INFO] Skipped
[INFO] 
[INFO] --- build-helper:3.6.1:add-source (add-kotlin-source) @ spring-data-r2dbc ---
[INFO] Source directory: /workspaces/toc/articles/202606/spring-data-2026.0.0/sources/spring-data-relational/spring-data-r2dbc/src/main/kotlin added.
[INFO] 
[INFO] --- javadoc:3.12.0:aggregate-no-fork (aggregate-javadoc) @ spring-data-r2dbc ---
[INFO] 
[INFO] --- antrun:3.2.0:run (rename-reference-docs) @ spring-data-r2dbc ---
[INFO] Executing tasks
[ERROR]      [copy] Warning: /workspaces/toc/articles/202606/spring-data-2026.0.0/sources/spring-data-relational/spring-data-r2dbc/target/generated-docs does not exist.
[ERROR]      [copy] Warning: Could not find file /workspaces/toc/articles/202606/spring-data-2026.0.0/sources/spring-data-relational/spring-data-r2dbc/target/generated-docs/index.pdf to copy.
[ERROR]      [copy] Warning: Could not find file /workspaces/toc/articles/202606/spring-data-2026.0.0/sources/spring-data-relational/spring-data-r2dbc/target/generated-docs/index.epub to copy.
[INFO] Executed tasks
[INFO] 
[INFO] --- jar:3.5.0:jar (default-jar) @ spring-data-r2dbc ---
[INFO] Building jar: /workspaces/toc/articles/202606/spring-data-2026.0.0/sources/spring-data-relational/spring-data-r2dbc/target/spring-data-r2dbc-4.1.0.jar
[INFO] 
[INFO] >>> source:3.4.0:jar (attach-sources) > generate-sources @ spring-data-r2dbc >>>
[INFO] 
[INFO] --- enforcer:3.6.3:enforce (enforce-maven-version) @ spring-data-r2dbc ---
[INFO] 
[INFO] --- jacoco:0.8.15:prepare-agent (jacoco-initialize) @ spring-data-r2dbc ---
[INFO] argLine set to -javaagent:/home/codespace/.m2/repository/org/jacoco/org.jacoco.agent/0.8.15/org.jacoco.agent-0.8.15-runtime.jar=destfile=/workspaces/toc/articles/202606/spring-data-2026.0.0/sources/spring-data-relational/spring-data-r2dbc/target/jacoco.exec
[INFO] 
[INFO] <<< source:3.4.0:jar (attach-sources) < generate-sources @ spring-data-r2dbc <<<
[INFO] 
[INFO] 
[INFO] --- source:3.4.0:jar (attach-sources) @ spring-data-r2dbc ---
[INFO] Building jar: /workspaces/toc/articles/202606/spring-data-2026.0.0/sources/spring-data-relational/spring-data-r2dbc/target/spring-data-r2dbc-4.1.0-sources.jar
[INFO] 
[INFO] --- antrun:3.2.0:run (copy-javadoc) @ spring-data-r2dbc ---
[INFO] Executing tasks
[INFO]      [copy] Copying 249 files to /workspaces/toc/articles/202606/spring-data-2026.0.0/sources/spring-data-relational/spring-data-r2dbc/target/antora/modules/ROOT/assets/attachments/api/java
[INFO] Executed tasks
[INFO] 
[INFO] --- assembly:3.8.0:single (docs) @ spring-data-r2dbc ---
[INFO] Reading assembly descriptor: /workspaces/toc/articles/202606/spring-data-2026.0.0/sources/spring-data-relational/spring-data-r2dbc/target/shared-resources/assemblies/docs.xml
[INFO] Copying files to /workspaces/toc/articles/202606/spring-data-2026.0.0/sources/spring-data-relational/spring-data-r2dbc/target/spring-data-r2dbc-4.1.0-docs
[INFO] 249 files copied to /workspaces/toc/articles/202606/spring-data-2026.0.0/sources/spring-data-relational/spring-data-r2dbc/target/spring-data-r2dbc-4.1.0-docs
[WARNING] Assembly file: /workspaces/toc/articles/202606/spring-data-2026.0.0/sources/spring-data-relational/spring-data-r2dbc/target/spring-data-r2dbc-4.1.0-docs is not a regular file (it may be a directory). It cannot be attached to the project build for installation or deployment.
[INFO] Building zip: /workspaces/toc/articles/202606/spring-data-2026.0.0/sources/spring-data-relational/spring-data-r2dbc/target/spring-data-r2dbc-4.1.0-docs.zip
[INFO] 
[INFO] -------< org.springframework.data:spring-data-jdbc-distribution >-------
[INFO] Building Spring Data JDBC - Distribution 4.1.0                     [5/5]
[INFO]   from spring-data-jdbc-distribution/pom.xml
[INFO] --------------------------------[ pom ]---------------------------------
[INFO] 
[INFO] --- enforcer:3.6.3:enforce (enforce-maven-version) @ spring-data-jdbc-distribution ---
[INFO] 
[INFO] --- dependency:3.10.0:unpack-dependencies (unpack-shared-resources) @ spring-data-jdbc-distribution ---
[INFO] 
[INFO] --- antrun:3.2.0:run (copy-documentation-resources) @ spring-data-jdbc-distribution ---
[INFO] Executing tasks
[INFO] Executed tasks
[INFO] 
[INFO] --- resources:3.5.0:resources (default) @ spring-data-jdbc-distribution ---
[INFO] Copying 1 resource from ../src/main/antora/resources/antora-resources to target/classes
[INFO] 
[INFO] --- compiler:3.15.0:compile (java-compile) @ spring-data-jdbc-distribution ---
[INFO] No sources to compile
[INFO] 
[INFO] --- build-helper:3.6.1:add-test-source (add-jmh-source) @ spring-data-jdbc-distribution ---
[INFO] Test Source directory: /workspaces/toc/articles/202606/spring-data-2026.0.0/sources/spring-data-relational/spring-data-jdbc-distribution/src/jmh/java added.
[INFO] 
[INFO] --- compiler:3.15.0:testCompile (java-test-compile) @ spring-data-jdbc-distribution ---
[INFO] Skipped
[INFO] 
[INFO] --- build-helper:3.6.1:add-source (add-kotlin-source) @ spring-data-jdbc-distribution ---
[INFO] Source directory: /workspaces/toc/articles/202606/spring-data-2026.0.0/sources/spring-data-relational/spring-data-jdbc-distribution/src/main/kotlin added.
[INFO] 
[INFO] --- javadoc:3.12.0:aggregate-no-fork (aggregate-javadoc) @ spring-data-jdbc-distribution ---
[INFO] Skipping org.apache.maven.plugins:maven-javadoc-plugin:3.12.0:aggregate-no-fork report goal
[INFO] 
[INFO] --- antrun:3.2.0:run (rename-reference-docs) @ spring-data-jdbc-distribution ---
[INFO] Executing tasks
[ERROR]      [copy] Warning: /workspaces/toc/articles/202606/spring-data-2026.0.0/sources/spring-data-relational/spring-data-jdbc-distribution/target/generated-docs does not exist.
[ERROR]      [copy] Warning: Could not find file /workspaces/toc/articles/202606/spring-data-2026.0.0/sources/spring-data-relational/spring-data-jdbc-distribution/target/generated-docs/index.pdf to copy.
[ERROR]      [copy] Warning: Could not find file /workspaces/toc/articles/202606/spring-data-2026.0.0/sources/spring-data-relational/spring-data-jdbc-distribution/target/generated-docs/index.epub to copy.
[INFO] Executed tasks
[INFO] 
[INFO] >>> source:3.4.0:jar (attach-sources) > generate-sources @ spring-data-jdbc-distribution >>>
[INFO] 
[INFO] --- enforcer:3.6.3:enforce (enforce-maven-version) @ spring-data-jdbc-distribution ---
[INFO] 
[INFO] <<< source:3.4.0:jar (attach-sources) < generate-sources @ spring-data-jdbc-distribution <<<
[INFO] 
[INFO] 
[INFO] --- source:3.4.0:jar (attach-sources) @ spring-data-jdbc-distribution ---
[INFO] 
[INFO] --- antrun:3.2.0:run (copy-javadoc) @ spring-data-jdbc-distribution ---
[INFO] Executing tasks
[INFO] Executed tasks
[INFO] 
[INFO] --- assembly:3.8.0:single (docs) @ spring-data-jdbc-distribution ---
[INFO] Reading assembly descriptor: /workspaces/toc/articles/202606/spring-data-2026.0.0/sources/spring-data-relational/spring-data-jdbc-distribution/target/shared-resources/assemblies/docs.xml
[INFO] Copying files to /workspaces/toc/articles/202606/spring-data-2026.0.0/sources/spring-data-relational/spring-data-jdbc-distribution/target/spring-data-jdbc-distribution-4.1.0-docs
[INFO] 1121 files copied to /workspaces/toc/articles/202606/spring-data-2026.0.0/sources/spring-data-relational/spring-data-jdbc-distribution/target/spring-data-jdbc-distribution-4.1.0-docs
[WARNING] Assembly file: /workspaces/toc/articles/202606/spring-data-2026.0.0/sources/spring-data-relational/spring-data-jdbc-distribution/target/spring-data-jdbc-distribution-4.1.0-docs is not a regular file (it may be a directory). It cannot be attached to the project build for installation or deployment.
[INFO] Building zip: /workspaces/toc/articles/202606/spring-data-2026.0.0/sources/spring-data-relational/spring-data-jdbc-distribution/target/spring-data-jdbc-distribution-4.1.0-docs.zip
[INFO] ------------------------------------------------------------------------
[INFO] Reactor Summary for Spring Data Relational Parent 4.1.0:
[INFO] 
[INFO] Spring Data Relational Parent ...................... SUCCESS [ 14.506 s]
[INFO] Spring Data Relational ............................. SUCCESS [  8.694 s]
[INFO] Spring Data JDBC ................................... SUCCESS [ 10.621 s]
[INFO] Spring Data R2DBC .................................. SUCCESS [  7.605 s]
[INFO] Spring Data JDBC - Distribution .................... SUCCESS [  1.408 s]
[INFO] ------------------------------------------------------------------------
[INFO] BUILD SUCCESS
[INFO] ------------------------------------------------------------------------
[INFO] Total time:  43.700 s
[INFO] Finished at: 2026-06-14T06:40:37Z
[INFO] ------------------------------------------------------------------------
[INFO] 78 goals, 78 executed
WARNING: A restricted method in java.lang.System has been called
WARNING: java.lang.System::load has been called by org.fusesource.jansi.internal.JansiLoader in an unnamed module (file:/home/codespace/.m2/wrapper/dists/apache-maven-3.9.16-bin/5grr65jo27hi51sujmtcldfovl/apache-maven-3.9.16/lib/jansi-2.4.3.jar)
WARNING: Use --enable-native-access=ALL-UNNAMED to avoid a warning for callers in this module
WARNING: Restricted methods will be blocked in a future release unless native access is enabled

[INFO] Scanning for projects...
[WARNING] This build will only read from the build cache, since the clean lifecycle is not part of the build invocation.
[INFO] 
[INFO] ------------< org.springframework.data:spring-data-commons >------------
[INFO] Building Spring Data Core 4.1.0
[INFO]   from pom.xml
[INFO] --------------------------------[ jar ]---------------------------------
[INFO] 
[INFO] --- antora-component-version:0.0.4:antora-component-version (default) @ spring-data-commons ---
[INFO] 
[INFO] --- enforcer:3.6.3:enforce (enforce-maven-version) @ spring-data-commons ---
[INFO] Rule 0: org.apache.maven.enforcer.rules.version.RequireMavenVersion passed
[INFO] Rule 1: org.apache.maven.enforcer.rules.version.RequireJavaVersion passed
[INFO] 
[INFO] --- antora-component-version:0.0.4:antora-component-version (default) @ spring-data-commons ---
[INFO] 
[INFO] --- enforcer:3.6.3:enforce (enforce-maven-version) @ spring-data-commons ---
[INFO] 
[INFO] --- antrun:3.2.0:run (export-properties) @ spring-data-commons ---
[INFO] Executing tasks
[INFO] Executed tasks
[WARNING] Ant property 'assertj=3.27.7' clashes with an existing Maven property, SKIPPING this Ant property propagation.
[WARNING] Ant property 'logback=1.5.34' clashes with an existing Maven property, SKIPPING this Ant property propagation.
[WARNING] Ant property 'project.build.sourceEncoding=UTF-8' clashes with an existing Maven property, SKIPPING this Ant property propagation.
[WARNING] Ant property 'validation=3.1.1' clashes with an existing Maven property, SKIPPING this Ant property propagation.
[WARNING] Ant property 'source.level=17' clashes with an existing Maven property, SKIPPING this Ant property propagation.
[WARNING] Ant property 'dist.id=spring-data-commons' clashes with an existing Maven property, SKIPPING this Ant property propagation.
[WARNING] Ant property 'querydsl=5.1.0' clashes with an existing Maven property, SKIPPING this Ant property propagation.
[WARNING] Ant property 'eclipse-collections=11.0.0' clashes with an existing Maven property, SKIPPING this Ant property propagation.
[WARNING] Ant property 'antora-javadoc-artifactId=spring-data-commons' clashes with an existing Maven property, SKIPPING this Ant property propagation.
[WARNING] Ant property 'documentation.baseurl=https://docs.spring.io' clashes with an existing Maven property, SKIPPING this Ant property propagation.
[WARNING] Ant property 'vavr=0.11.0' clashes with an existing Maven property, SKIPPING this Ant property propagation.
[WARNING] Ant property 'kotlin=2.3.21' clashes with an existing Maven property, SKIPPING this Ant property propagation.
[WARNING] Ant property 'jmh=1.37' clashes with an existing Maven property, SKIPPING this Ant property propagation.
[WARNING] Ant property 'mockk=1.14.11' clashes with an existing Maven property, SKIPPING this Ant property propagation.
[WARNING] Ant property 'nullaway=0.13.1' clashes with an existing Maven property, SKIPPING this Ant property propagation.
[WARNING] Ant property 'jacoco.destfile=/workspaces/toc/articles/202606/spring-data-2026.0.0/sources/spring-data-commons/target/jacoco.exec' clashes with an existing Maven property, SKIPPING this Ant property propagation.
[WARNING] Ant property 'testcontainers=2.0.5' clashes with an existing Maven property, SKIPPING this Ant property propagation.
[WARNING] Ant property 'microbenchmark=1.0.0' clashes with an existing Maven property, SKIPPING this Ant property propagation.
[WARNING] Ant property 'commons-io=2.5' clashes with an existing Maven property, SKIPPING this Ant property propagation.
[WARNING] Ant property 'micrometer=1.17.0' clashes with an existing Maven property, SKIPPING this Ant property propagation.
[WARNING] Ant property 'spring-plugin=4.1.0' clashes with an existing Maven property, SKIPPING this Ant property propagation.
[WARNING] Ant property 'java-module-name=spring.data.commons' clashes with an existing Maven property, SKIPPING this Ant property propagation.
[WARNING] Ant property 'servlet-api=6.1.0' clashes with an existing Maven property, SKIPPING this Ant property propagation.
[WARNING] Ant property 'apt=1.1.3' clashes with an existing Maven property, SKIPPING this Ant property propagation.
[WARNING] Ant property 'jackson3=3.1.4' clashes with an existing Maven property, SKIPPING this Ant property propagation.
[WARNING] Ant property 'antora-component.prerelease=false' clashes with an existing Maven property, SKIPPING this Ant property propagation.
[WARNING] Ant property 'jakarta-annotation-api=2.0.0' clashes with an existing Maven property, SKIPPING this Ant property propagation.
[WARNING] Ant property 'xmlbeam=1.4.26' clashes with an existing Maven property, SKIPPING this Ant property propagation.
[WARNING] Ant property 'webbeans=4.0.3' clashes with an existing Maven property, SKIPPING this Ant property propagation.
[WARNING] Ant property 'jsonpath=2.6.0' clashes with an existing Maven property, SKIPPING this Ant property propagation.
[WARNING] Ant property 'rxjava3=3.1.12' clashes with an existing Maven property, SKIPPING this Ant property propagation.
[WARNING] Ant property 'rxjava2=2.2.21' clashes with an existing Maven property, SKIPPING this Ant property propagation.
[WARNING] Ant property 'smallrye-mutiny=3.1.1' clashes with an existing Maven property, SKIPPING this Ant property propagation.
[WARNING] Ant property 'errorprone=2.46.0' clashes with an existing Maven property, SKIPPING this Ant property propagation.
[WARNING] Ant property 'project.root=/workspaces/toc/articles/202606/spring-data-2026.0.0/sources/spring-data-commons' clashes with an existing Maven property, SKIPPING this Ant property propagation.
[WARNING] Ant property 'jacoco=0.8.15' clashes with an existing Maven property, SKIPPING this Ant property propagation.
[WARNING] Ant property 'kotlin.api.target=2.2' clashes with an existing Maven property, SKIPPING this Ant property propagation.
[WARNING] Ant property 'spring-hateoas=3.1.1' clashes with an existing Maven property, SKIPPING this Ant property propagation.
[WARNING] Ant property 'antora.playbook=src/main/antora/antora-playbook.yml' clashes with an existing Maven property, SKIPPING this Ant property propagation.
[WARNING] Ant property 'spring-asciidoctor-backends.version=0.0.7' clashes with an existing Maven property, SKIPPING this Ant property propagation.
[WARNING] Ant property 'antora.javadoc-artifactId=spring-data-commons' clashes with an existing Maven property, SKIPPING this Ant property propagation.
[WARNING] Ant property 'awaitility=4.3.0' clashes with an existing Maven property, SKIPPING this Ant property propagation.
[WARNING] Ant property 'maven-antora=1.0.0-alpha.5' clashes with an existing Maven property, SKIPPING this Ant property propagation.
[WARNING] Ant property 'spring-antora=0.0.4' clashes with an existing Maven property, SKIPPING this Ant property propagation.
[WARNING] Ant property 'junit-pioneer=2.3.0' clashes with an existing Maven property, SKIPPING this Ant property propagation.
[WARNING] Ant property 'cdi=4.1.0' clashes with an existing Maven property, SKIPPING this Ant property propagation.
[WARNING] Ant property 'reactor=2025.0.6' clashes with an existing Maven property, SKIPPING this Ant property propagation.
[WARNING] Ant property 'hamcrest=1.3' clashes with an existing Maven property, SKIPPING this Ant property propagation.
[WARNING] Ant property 'micrometer-tracing=1.7.0' clashes with an existing Maven property, SKIPPING this Ant property propagation.
[WARNING] Ant property 'antora-component.version=4.1.0' clashes with an existing Maven property, SKIPPING this Ant property propagation.
[WARNING] Ant property 'archunit=1.3.0' clashes with an existing Maven property, SKIPPING this Ant property propagation.
[WARNING] Ant property 'scala=3.8.4' clashes with an existing Maven property, SKIPPING this Ant property propagation.
[WARNING] Ant property 'jmolecules=2025.0.2' clashes with an existing Maven property, SKIPPING this Ant property propagation.
[WARNING] Ant property 'mockito=5.23.0' clashes with an existing Maven property, SKIPPING this Ant property propagation.
[WARNING] Ant property 'guava=31.1-jre' clashes with an existing Maven property, SKIPPING this Ant property propagation.
[WARNING] Ant property 'jackson=2.21.4' clashes with an existing Maven property, SKIPPING this Ant property propagation.
[WARNING] Ant property 'documentation.spring-javadoc-url=https://docs.spring.io/spring-framework/docs/7.0.8/javadoc-api' clashes with an existing Maven property, SKIPPING this Ant property propagation.
[WARNING] Ant property 'slf4j=2.0.18' clashes with an existing Maven property, SKIPPING this Ant property propagation.
[WARNING] Ant property 'junit5=6.0.3' clashes with an existing Maven property, SKIPPING this Ant property propagation.
[WARNING] Ant property 'aspectj=1.9.25.1' clashes with an existing Maven property, SKIPPING this Ant property propagation.
[WARNING] Ant property 'jaxb=3.0.1' clashes with an existing Maven property, SKIPPING this Ant property propagation.
[WARNING] Ant property 'kotlin.jvm.target=17' clashes with an existing Maven property, SKIPPING this Ant property propagation.
[WARNING] Ant property 'spring=7.0.8' clashes with an existing Maven property, SKIPPING this Ant property propagation.
[WARNING] Ant property 'kotlin-coroutines=1.10.2' clashes with an existing Maven property, SKIPPING this Ant property propagation.
[WARNING] Ant property 'releasetrain=2026.0.0' clashes with an existing Maven property, SKIPPING this Ant property propagation.
[WARNING] Ant property 'junit=6.0.3' clashes with an existing Maven property, SKIPPING this Ant property propagation.
[INFO] 
[INFO] --- resources:3.5.0:resources (default-resources) @ spring-data-commons ---
[INFO] Copying 1 resource from src/main/antora/resources/antora-resources to target/classes
[INFO] Copying 1 resource from src/main/antora/resources to target/classes
[INFO] Copying 1 resource from src/main/antora/resources to target/classes
[INFO] 
[INFO] ------------< org.springframework.data:spring-data-commons >------------
[INFO] Building Spring Data Core 4.1.0
[INFO]   from pom.xml
[INFO] --------------------------------[ jar ]---------------------------------
[INFO] 
[INFO] --- dependency:3.10.0:unpack (default-cli) @ spring-data-commons ---
[INFO] ------------------------------------------------------------------------
[INFO] BUILD SUCCESS
[INFO] ------------------------------------------------------------------------
[INFO] Total time:  4.876 s
[INFO] Finished at: 2026-06-14T06:40:44Z
[INFO] ------------------------------------------------------------------------
[INFO] 7 goals, 7 executed
WARNING: A restricted method in java.lang.System has been called
WARNING: java.lang.System::load has been called by org.fusesource.jansi.internal.JansiLoader in an unnamed module (file:/home/codespace/.m2/wrapper/dists/apache-maven-3.9.16-bin/5grr65jo27hi51sujmtcldfovl/apache-maven-3.9.16/lib/jansi-2.4.3.jar)
WARNING: Use --enable-native-access=ALL-UNNAMED to avoid a warning for callers in this module
WARNING: Restricted methods will be blocked in a future release unless native access is enabled

