构建聚合 Javadoc：spring-data-ldap
WARNING: A restricted method in java.lang.System has been called
WARNING: java.lang.System::load has been called by org.fusesource.jansi.internal.JansiLoader in an unnamed module (file:/home/codespace/.m2/wrapper/dists/apache-maven-3.9.16-bin/5grr65jo27hi51sujmtcldfovl/apache-maven-3.9.16/lib/jansi-2.4.3.jar)
WARNING: Use --enable-native-access=ALL-UNNAMED to avoid a warning for callers in this module
WARNING: Restricted methods will be blocked in a future release unless native access is enabled

[INFO] Scanning for projects...
[WARNING] This build will only read from the build cache, since the clean lifecycle is not part of the build invocation.
[INFO] 
[INFO] -------------< org.springframework.data:spring-data-ldap >--------------
[INFO] Building Spring Data LDAP 4.1.0
[INFO]   from pom.xml
[INFO] --------------------------------[ jar ]---------------------------------
[INFO] 
[INFO] >>> javadoc:3.12.0:aggregate (default-cli) > compile @ spring-data-ldap >>>
[INFO] 
[INFO] --- enforcer:3.6.3:enforce (enforce-maven-version) @ spring-data-ldap ---
[INFO] Rule 0: org.apache.maven.enforcer.rules.version.RequireMavenVersion passed
[INFO] Rule 1: org.apache.maven.enforcer.rules.version.RequireJavaVersion passed
[INFO] 
[INFO] --- resources:3.5.0:resources (default-resources) @ spring-data-ldap ---
[INFO] Copying 7 resources from src/main/resources to target/classes
[INFO] 
[INFO] --- kotlin:2.3.21:compile (compile) @ spring-data-ldap ---
[INFO] No sources to compile
[INFO] 
[INFO] --- compiler:3.15.0:compile (java-compile) @ spring-data-ldap ---
[INFO] Recompiling the module because of changed source code.
[INFO] Compiling 42 source files with javac [debug parameters release 17] to target/classes
[INFO] /workspaces/toc/articles/202606/spring-data-2026.0.0/sources/spring-data-ldap/src/main/java/org/springframework/data/ldap/repository/config/LdapRepositoryConfigurationExtension.java: Some input files use or override a deprecated API.
[INFO] /workspaces/toc/articles/202606/spring-data-2026.0.0/sources/spring-data-ldap/src/main/java/org/springframework/data/ldap/repository/config/LdapRepositoryConfigurationExtension.java: Recompile with -Xlint:deprecation for details.
[INFO] /workspaces/toc/articles/202606/spring-data-2026.0.0/sources/spring-data-ldap/src/main/java/org/springframework/data/ldap/repository/support/QuerydslLdapQuery.java: /workspaces/toc/articles/202606/spring-data-2026.0.0/sources/spring-data-ldap/src/main/java/org/springframework/data/ldap/repository/support/QuerydslLdapQuery.java uses unchecked or unsafe operations.
[INFO] /workspaces/toc/articles/202606/spring-data-2026.0.0/sources/spring-data-ldap/src/main/java/org/springframework/data/ldap/repository/support/QuerydslLdapQuery.java: Recompile with -Xlint:unchecked for details.
[INFO] 
[INFO] <<< javadoc:3.12.0:aggregate (default-cli) < compile @ spring-data-ldap <<<
[INFO] 
[INFO] 
[INFO] --- javadoc:3.12.0:aggregate (default-cli) @ spring-data-ldap ---
[INFO] ------------------------------------------------------------------------
[INFO] BUILD SUCCESS
[INFO] ------------------------------------------------------------------------
[INFO] Total time:  9.822 s
[INFO] Finished at: 2026-06-14T06:43:15Z
[INFO] ------------------------------------------------------------------------
[INFO] 5 goals, 5 executed
构建 reference 文档：spring-data-ldap
[INFO] Scanning for projects...
[WARNING] This build will only read from the build cache, since the clean lifecycle is not part of the build invocation.
[INFO] 
[INFO] -------------< org.springframework.data:spring-data-ldap >--------------
[INFO] Building Spring Data LDAP 4.1.0
[INFO]   from pom.xml
[INFO] --------------------------------[ jar ]---------------------------------
[INFO] 
[INFO] --- antora-component-version:0.0.4:antora-component-version (default) @ spring-data-ldap ---
[INFO] 
[INFO] --- enforcer:3.6.3:enforce (enforce-maven-version) @ spring-data-ldap ---
[INFO] Rule 0: org.apache.maven.enforcer.rules.version.RequireMavenVersion passed
[INFO] Rule 1: org.apache.maven.enforcer.rules.version.RequireJavaVersion passed
[INFO] 
[INFO] --- antora-component-version:0.0.4:antora-component-version (default) @ spring-data-ldap ---
[INFO] 
[INFO] --- enforcer:3.6.3:enforce (enforce-maven-version) @ spring-data-ldap ---
[INFO] 
[INFO] --- antrun:3.2.0:run (export-properties) @ spring-data-ldap ---
[INFO] Executing tasks
[INFO] Executed tasks
[WARNING] Ant property 'mockk=1.14.11' clashes with an existing Maven property, SKIPPING this Ant property propagation.
[WARNING] Ant property 'guava=31.1-jre' clashes with an existing Maven property, SKIPPING this Ant property propagation.
[WARNING] Ant property 'jackson=2.21.4' clashes with an existing Maven property, SKIPPING this Ant property propagation.
[WARNING] Ant property 'java-module-name=spring.data.ldap' clashes with an existing Maven property, SKIPPING this Ant property propagation.
[WARNING] Ant property 'junit5=6.0.3' clashes with an existing Maven property, SKIPPING this Ant property propagation.
[WARNING] Ant property 'assertj=3.27.7' clashes with an existing Maven property, SKIPPING this Ant property propagation.
[WARNING] Ant property 'microbenchmark=1.0.0' clashes with an existing Maven property, SKIPPING this Ant property propagation.
[WARNING] Ant property 'antora.playbook=src/main/antora/antora-playbook.yml' clashes with an existing Maven property, SKIPPING this Ant property propagation.
[WARNING] Ant property 'vavr=0.11.0' clashes with an existing Maven property, SKIPPING this Ant property propagation.
[WARNING] Ant property 'spring-ldap=4.1.0' clashes with an existing Maven property, SKIPPING this Ant property propagation.
[WARNING] Ant property 'jmolecules=2025.0.2' clashes with an existing Maven property, SKIPPING this Ant property propagation.
[WARNING] Ant property 'micrometer-tracing=1.7.0' clashes with an existing Maven property, SKIPPING this Ant property propagation.
[WARNING] Ant property 'jaxb=3.0.1' clashes with an existing Maven property, SKIPPING this Ant property propagation.
[WARNING] Ant property 'spring-plugin=4.1.0' clashes with an existing Maven property, SKIPPING this Ant property propagation.
[WARNING] Ant property 'maven-antora=1.0.0-alpha.5' clashes with an existing Maven property, SKIPPING this Ant property propagation.
[WARNING] Ant property 'awaitility=4.3.0' clashes with an existing Maven property, SKIPPING this Ant property propagation.
[WARNING] Ant property 'jacoco=0.8.15' clashes with an existing Maven property, SKIPPING this Ant property propagation.
[WARNING] Ant property 'logback=1.5.34' clashes with an existing Maven property, SKIPPING this Ant property propagation.
[WARNING] Ant property 'junit-pioneer=2.3.0' clashes with an existing Maven property, SKIPPING this Ant property propagation.
[WARNING] Ant property 'spring-hateoas=3.1.1' clashes with an existing Maven property, SKIPPING this Ant property propagation.
[WARNING] Ant property 'antora-component.prerelease=false' clashes with an existing Maven property, SKIPPING this Ant property propagation.
[WARNING] Ant property 'rxjava3=3.1.12' clashes with an existing Maven property, SKIPPING this Ant property propagation.
[WARNING] Ant property 'rxjava2=2.2.21' clashes with an existing Maven property, SKIPPING this Ant property propagation.
[WARNING] Ant property 'servlet-api=6.1.0' clashes with an existing Maven property, SKIPPING this Ant property propagation.
[WARNING] Ant property 'spring=7.0.8' clashes with an existing Maven property, SKIPPING this Ant property propagation.
[WARNING] Ant property 'hamcrest=1.3' clashes with an existing Maven property, SKIPPING this Ant property propagation.
[WARNING] Ant property 'errorprone=2.46.0' clashes with an existing Maven property, SKIPPING this Ant property propagation.
[WARNING] Ant property 'spring-asciidoctor-backends.version=0.0.7' clashes with an existing Maven property, SKIPPING this Ant property propagation.
[WARNING] Ant property 'nullaway=0.13.1' clashes with an existing Maven property, SKIPPING this Ant property propagation.
[WARNING] Ant property 'project.root=/workspaces/toc/articles/202606/spring-data-2026.0.0/sources/spring-data-ldap' clashes with an existing Maven property, SKIPPING this Ant property propagation.
[WARNING] Ant property 'kotlin.jvm.target=17' clashes with an existing Maven property, SKIPPING this Ant property propagation.
[WARNING] Ant property 'jacoco.destfile=/workspaces/toc/articles/202606/spring-data-2026.0.0/sources/spring-data-ldap/target/jacoco.exec' clashes with an existing Maven property, SKIPPING this Ant property propagation.
[WARNING] Ant property 'antora-component.version=4.1.0' clashes with an existing Maven property, SKIPPING this Ant property propagation.
[WARNING] Ant property 'project.build.sourceEncoding=UTF-8' clashes with an existing Maven property, SKIPPING this Ant property propagation.
[WARNING] Ant property 'cdi=4.1.0' clashes with an existing Maven property, SKIPPING this Ant property propagation.
[WARNING] Ant property 'smallrye-mutiny=3.1.1' clashes with an existing Maven property, SKIPPING this Ant property propagation.
[WARNING] Ant property 'archunit=1.3.0' clashes with an existing Maven property, SKIPPING this Ant property propagation.
[WARNING] Ant property 'springdata.commons=4.1.0' clashes with an existing Maven property, SKIPPING this Ant property propagation.
[WARNING] Ant property 'jakarta-annotation-api=2.0.0' clashes with an existing Maven property, SKIPPING this Ant property propagation.
[WARNING] Ant property 'spring-antora=0.0.4' clashes with an existing Maven property, SKIPPING this Ant property propagation.
[WARNING] Ant property 'antora.javadoc-artifactId=spring-data-ldap' clashes with an existing Maven property, SKIPPING this Ant property propagation.
[WARNING] Ant property 'aspectj=1.9.25.1' clashes with an existing Maven property, SKIPPING this Ant property propagation.
[WARNING] Ant property 'micrometer=1.17.0' clashes with an existing Maven property, SKIPPING this Ant property propagation.
[WARNING] Ant property 'kotlin=2.3.21' clashes with an existing Maven property, SKIPPING this Ant property propagation.
[WARNING] Ant property 'jackson3=3.1.4' clashes with an existing Maven property, SKIPPING this Ant property propagation.
[WARNING] Ant property 'webbeans=4.0.3' clashes with an existing Maven property, SKIPPING this Ant property propagation.
[WARNING] Ant property 'source.level=17' clashes with an existing Maven property, SKIPPING this Ant property propagation.
[WARNING] Ant property 'slf4j=2.0.18' clashes with an existing Maven property, SKIPPING this Ant property propagation.
[WARNING] Ant property 'commons-io=2.5' clashes with an existing Maven property, SKIPPING this Ant property propagation.
[WARNING] Ant property 'dist.id=spring-data-ldap' clashes with an existing Maven property, SKIPPING this Ant property propagation.
[WARNING] Ant property 'reactor=2025.0.6' clashes with an existing Maven property, SKIPPING this Ant property propagation.
[WARNING] Ant property 'jmh=1.37' clashes with an existing Maven property, SKIPPING this Ant property propagation.
[WARNING] Ant property 'validation=3.1.1' clashes with an existing Maven property, SKIPPING this Ant property propagation.
[WARNING] Ant property 'mockito=5.23.0' clashes with an existing Maven property, SKIPPING this Ant property propagation.
[WARNING] Ant property 'junit=6.0.3' clashes with an existing Maven property, SKIPPING this Ant property propagation.
[WARNING] Ant property 'querydsl=5.1.0' clashes with an existing Maven property, SKIPPING this Ant property propagation.
[WARNING] Ant property 'eclipse-collections=11.0.0' clashes with an existing Maven property, SKIPPING this Ant property propagation.
[WARNING] Ant property 'antora-javadoc-artifactId=spring-data-ldap' clashes with an existing Maven property, SKIPPING this Ant property propagation.
[WARNING] Ant property 'documentation.baseurl=https://docs.spring.io' clashes with an existing Maven property, SKIPPING this Ant property propagation.
[WARNING] Ant property 'unboundid-ldapsdk=7.0.4' clashes with an existing Maven property, SKIPPING this Ant property propagation.
[WARNING] Ant property 'documentation.spring-javadoc-url=https://docs.spring.io/spring-framework/docs/7.0.8/javadoc-api' clashes with an existing Maven property, SKIPPING this Ant property propagation.
[WARNING] Ant property 'testcontainers=2.0.5' clashes with an existing Maven property, SKIPPING this Ant property propagation.
[WARNING] Ant property 'jsonpath=2.6.0' clashes with an existing Maven property, SKIPPING this Ant property propagation.
[WARNING] Ant property 'kotlin.api.target=2.2' clashes with an existing Maven property, SKIPPING this Ant property propagation.
[WARNING] Ant property 'kotlin-coroutines=1.10.2' clashes with an existing Maven property, SKIPPING this Ant property propagation.
[WARNING] Ant property 'apt=1.1.3' clashes with an existing Maven property, SKIPPING this Ant property propagation.
[WARNING] Ant property 'releasetrain=2026.0.0' clashes with an existing Maven property, SKIPPING this Ant property propagation.
[INFO] 
[INFO] --- resources:3.5.0:resources (default-resources) @ spring-data-ldap ---
[INFO] Copying 1 resource from src/main/antora/resources/antora-resources to target/classes
[INFO] Copying 1 resource from src/main/antora/resources to target/classes
[INFO] Copying 1 resource from src/main/antora/resources to target/classes
[INFO] 
[INFO] -------------< org.springframework.data:spring-data-ldap >--------------
[INFO] Building Spring Data LDAP 4.1.0
[INFO]   from pom.xml
[INFO] --------------------------------[ jar ]---------------------------------
[INFO] 
[INFO] --- dependency:3.10.0:unpack (default-cli) @ spring-data-ldap ---
[INFO] ------------------------------------------------------------------------
[INFO] BUILD SUCCESS
[INFO] ------------------------------------------------------------------------
[INFO] Total time:  3.555 s
[INFO] Finished at: 2026-06-14T06:43:22Z
[INFO] ------------------------------------------------------------------------
[INFO] 7 goals, 7 executed
WARNING: A restricted method in java.lang.System has been called
WARNING: java.lang.System::load has been called by org.fusesource.jansi.internal.JansiLoader in an unnamed module (file:/home/codespace/.m2/wrapper/dists/apache-maven-3.9.16-bin/5grr65jo27hi51sujmtcldfovl/apache-maven-3.9.16/lib/jansi-2.4.3.jar)
WARNING: Use --enable-native-access=ALL-UNNAMED to avoid a warning for callers in this module
WARNING: Restricted methods will be blocked in a future release unless native access is enabled

[INFO] Scanning for projects...
[WARNING] This build will only read from the build cache, since the clean lifecycle is not part of the build invocation.
[INFO] 
[INFO] ------------< org.springframework.data:spring-data-commons >------------
[INFO] Building Spring Data Core 4.1.0
[INFO]   from pom.xml
[INFO] --------------------------------[ jar ]---------------------------------
[INFO] 
[INFO] --- antora-component-version:0.0.4:antora-component-version (default) @ spring-data-commons ---
[INFO] 
[INFO] --- enforcer:3.6.3:enforce (enforce-maven-version) @ spring-data-commons ---
[INFO] Rule 0: org.apache.maven.enforcer.rules.version.RequireMavenVersion passed
[INFO] Rule 1: org.apache.maven.enforcer.rules.version.RequireJavaVersion passed
[INFO] 
[INFO] --- antora-component-version:0.0.4:antora-component-version (default) @ spring-data-commons ---
[INFO] 
[INFO] --- enforcer:3.6.3:enforce (enforce-maven-version) @ spring-data-commons ---
[INFO] 
[INFO] --- antrun:3.2.0:run (export-properties) @ spring-data-commons ---
[INFO] Executing tasks
[INFO] Executed tasks
[WARNING] Ant property 'assertj=3.27.7' clashes with an existing Maven property, SKIPPING this Ant property propagation.
[WARNING] Ant property 'logback=1.5.34' clashes with an existing Maven property, SKIPPING this Ant property propagation.
[WARNING] Ant property 'project.build.sourceEncoding=UTF-8' clashes with an existing Maven property, SKIPPING this Ant property propagation.
[WARNING] Ant property 'validation=3.1.1' clashes with an existing Maven property, SKIPPING this Ant property propagation.
[WARNING] Ant property 'source.level=17' clashes with an existing Maven property, SKIPPING this Ant property propagation.
[WARNING] Ant property 'dist.id=spring-data-commons' clashes with an existing Maven property, SKIPPING this Ant property propagation.
[WARNING] Ant property 'querydsl=5.1.0' clashes with an existing Maven property, SKIPPING this Ant property propagation.
[WARNING] Ant property 'eclipse-collections=11.0.0' clashes with an existing Maven property, SKIPPING this Ant property propagation.
[WARNING] Ant property 'antora-javadoc-artifactId=spring-data-commons' clashes with an existing Maven property, SKIPPING this Ant property propagation.
[WARNING] Ant property 'documentation.baseurl=https://docs.spring.io' clashes with an existing Maven property, SKIPPING this Ant property propagation.
[WARNING] Ant property 'vavr=0.11.0' clashes with an existing Maven property, SKIPPING this Ant property propagation.
[WARNING] Ant property 'kotlin=2.3.21' clashes with an existing Maven property, SKIPPING this Ant property propagation.
[WARNING] Ant property 'jmh=1.37' clashes with an existing Maven property, SKIPPING this Ant property propagation.
[WARNING] Ant property 'mockk=1.14.11' clashes with an existing Maven property, SKIPPING this Ant property propagation.
[WARNING] Ant property 'nullaway=0.13.1' clashes with an existing Maven property, SKIPPING this Ant property propagation.
[WARNING] Ant property 'jacoco.destfile=/workspaces/toc/articles/202606/spring-data-2026.0.0/sources/spring-data-commons/target/jacoco.exec' clashes with an existing Maven property, SKIPPING this Ant property propagation.
[WARNING] Ant property 'testcontainers=2.0.5' clashes with an existing Maven property, SKIPPING this Ant property propagation.
[WARNING] Ant property 'microbenchmark=1.0.0' clashes with an existing Maven property, SKIPPING this Ant property propagation.
[WARNING] Ant property 'commons-io=2.5' clashes with an existing Maven property, SKIPPING this Ant property propagation.
[WARNING] Ant property 'micrometer=1.17.0' clashes with an existing Maven property, SKIPPING this Ant property propagation.
[WARNING] Ant property 'spring-plugin=4.1.0' clashes with an existing Maven property, SKIPPING this Ant property propagation.
[WARNING] Ant property 'java-module-name=spring.data.commons' clashes with an existing Maven property, SKIPPING this Ant property propagation.
[WARNING] Ant property 'servlet-api=6.1.0' clashes with an existing Maven property, SKIPPING this Ant property propagation.
[WARNING] Ant property 'apt=1.1.3' clashes with an existing Maven property, SKIPPING this Ant property propagation.
[WARNING] Ant property 'jackson3=3.1.4' clashes with an existing Maven property, SKIPPING this Ant property propagation.
[WARNING] Ant property 'antora-component.prerelease=false' clashes with an existing Maven property, SKIPPING this Ant property propagation.
[WARNING] Ant property 'jakarta-annotation-api=2.0.0' clashes with an existing Maven property, SKIPPING this Ant property propagation.
[WARNING] Ant property 'xmlbeam=1.4.26' clashes with an existing Maven property, SKIPPING this Ant property propagation.
[WARNING] Ant property 'webbeans=4.0.3' clashes with an existing Maven property, SKIPPING this Ant property propagation.
[WARNING] Ant property 'jsonpath=2.6.0' clashes with an existing Maven property, SKIPPING this Ant property propagation.
[WARNING] Ant property 'rxjava3=3.1.12' clashes with an existing Maven property, SKIPPING this Ant property propagation.
[WARNING] Ant property 'rxjava2=2.2.21' clashes with an existing Maven property, SKIPPING this Ant property propagation.
[WARNING] Ant property 'smallrye-mutiny=3.1.1' clashes with an existing Maven property, SKIPPING this Ant property propagation.
[WARNING] Ant property 'errorprone=2.46.0' clashes with an existing Maven property, SKIPPING this Ant property propagation.
[WARNING] Ant property 'project.root=/workspaces/toc/articles/202606/spring-data-2026.0.0/sources/spring-data-commons' clashes with an existing Maven property, SKIPPING this Ant property propagation.
[WARNING] Ant property 'jacoco=0.8.15' clashes with an existing Maven property, SKIPPING this Ant property propagation.
[WARNING] Ant property 'kotlin.api.target=2.2' clashes with an existing Maven property, SKIPPING this Ant property propagation.
[WARNING] Ant property 'spring-hateoas=3.1.1' clashes with an existing Maven property, SKIPPING this Ant property propagation.
[WARNING] Ant property 'antora.playbook=src/main/antora/antora-playbook.yml' clashes with an existing Maven property, SKIPPING this Ant property propagation.
[WARNING] Ant property 'spring-asciidoctor-backends.version=0.0.7' clashes with an existing Maven property, SKIPPING this Ant property propagation.
[WARNING] Ant property 'antora.javadoc-artifactId=spring-data-commons' clashes with an existing Maven property, SKIPPING this Ant property propagation.
[WARNING] Ant property 'awaitility=4.3.0' clashes with an existing Maven property, SKIPPING this Ant property propagation.
[WARNING] Ant property 'maven-antora=1.0.0-alpha.5' clashes with an existing Maven property, SKIPPING this Ant property propagation.
[WARNING] Ant property 'spring-antora=0.0.4' clashes with an existing Maven property, SKIPPING this Ant property propagation.
[WARNING] Ant property 'junit-pioneer=2.3.0' clashes with an existing Maven property, SKIPPING this Ant property propagation.
[WARNING] Ant property 'cdi=4.1.0' clashes with an existing Maven property, SKIPPING this Ant property propagation.
[WARNING] Ant property 'reactor=2025.0.6' clashes with an existing Maven property, SKIPPING this Ant property propagation.
[WARNING] Ant property 'hamcrest=1.3' clashes with an existing Maven property, SKIPPING this Ant property propagation.
[WARNING] Ant property 'micrometer-tracing=1.7.0' clashes with an existing Maven property, SKIPPING this Ant property propagation.
[WARNING] Ant property 'antora-component.version=4.1.0' clashes with an existing Maven property, SKIPPING this Ant property propagation.
[WARNING] Ant property 'archunit=1.3.0' clashes with an existing Maven property, SKIPPING this Ant property propagation.
[WARNING] Ant property 'scala=3.8.4' clashes with an existing Maven property, SKIPPING this Ant property propagation.
[WARNING] Ant property 'jmolecules=2025.0.2' clashes with an existing Maven property, SKIPPING this Ant property propagation.
[WARNING] Ant property 'mockito=5.23.0' clashes with an existing Maven property, SKIPPING this Ant property propagation.
[WARNING] Ant property 'guava=31.1-jre' clashes with an existing Maven property, SKIPPING this Ant property propagation.
[WARNING] Ant property 'jackson=2.21.4' clashes with an existing Maven property, SKIPPING this Ant property propagation.
[WARNING] Ant property 'documentation.spring-javadoc-url=https://docs.spring.io/spring-framework/docs/7.0.8/javadoc-api' clashes with an existing Maven property, SKIPPING this Ant property propagation.
[WARNING] Ant property 'slf4j=2.0.18' clashes with an existing Maven property, SKIPPING this Ant property propagation.
[WARNING] Ant property 'junit5=6.0.3' clashes with an existing Maven property, SKIPPING this Ant property propagation.
[WARNING] Ant property 'aspectj=1.9.25.1' clashes with an existing Maven property, SKIPPING this Ant property propagation.
[WARNING] Ant property 'jaxb=3.0.1' clashes with an existing Maven property, SKIPPING this Ant property propagation.
[WARNING] Ant property 'kotlin.jvm.target=17' clashes with an existing Maven property, SKIPPING this Ant property propagation.
[WARNING] Ant property 'spring=7.0.8' clashes with an existing Maven property, SKIPPING this Ant property propagation.
[WARNING] Ant property 'kotlin-coroutines=1.10.2' clashes with an existing Maven property, SKIPPING this Ant property propagation.
[WARNING] Ant property 'releasetrain=2026.0.0' clashes with an existing Maven property, SKIPPING this Ant property propagation.
[WARNING] Ant property 'junit=6.0.3' clashes with an existing Maven property, SKIPPING this Ant property propagation.
[INFO] 
[INFO] --- resources:3.5.0:resources (default-resources) @ spring-data-commons ---
[INFO] Copying 1 resource from src/main/antora/resources/antora-resources to target/classes
[INFO] Copying 1 resource from src/main/antora/resources to target/classes
[INFO] Copying 1 resource from src/main/antora/resources to target/classes
[INFO] 
[INFO] ------------< org.springframework.data:spring-data-commons >------------
[INFO] Building Spring Data Core 4.1.0
[INFO]   from pom.xml
[INFO] --------------------------------[ jar ]---------------------------------
[INFO] 
[INFO] --- dependency:3.10.0:unpack (default-cli) @ spring-data-commons ---
[INFO] ------------------------------------------------------------------------
[INFO] BUILD SUCCESS
[INFO] ------------------------------------------------------------------------
[INFO] Total time:  4.537 s
[INFO] Finished at: 2026-06-14T06:43:29Z
[INFO] ------------------------------------------------------------------------
[INFO] 7 goals, 7 executed
WARNING: A restricted method in java.lang.System has been called
WARNING: java.lang.System::load has been called by org.fusesource.jansi.internal.JansiLoader in an unnamed module (file:/home/codespace/.m2/wrapper/dists/apache-maven-3.9.16-bin/5grr65jo27hi51sujmtcldfovl/apache-maven-3.9.16/lib/jansi-2.4.3.jar)
WARNING: Use --enable-native-access=ALL-UNNAMED to avoid a warning for callers in this module
WARNING: Restricted methods will be blocked in a future release unless native access is enabled

